-------- Tue Apr 3 05:26:50 GMT 2018 --------
---- /proc/schedstat
version 15
timestamp 4295897780
cpu0 150861 0 9271934 2458635 6517759 2409974 2457099764589 1891285857421 6495715
domain0 0f 11989 11956 7 33112 33 12 0 11956 3663 3377 233 306565 97 0 0 3377 75545 41342 27267 7159170 6936 2156 179 41163 0 0 0 0 0 0 0 0 0 180381 0 0
domain1 ff 10506 10481 22 13140 3 1 0 539 12333 12323 8 24165 12 0 0 2350 67514 63489 3952 2220579 73 36 4 63485 0 0 0 0 0 0 0 0 0 7115 0 0
cpu1 152374 0 7486378 2106048 3983768 955819 1861369217212 1329063303274 5099008
domain0 0f 20604 20469 19 44212 124 49 0 20469 1880 1523 232 303367 206 0 0 1523 61246 10066 31749 10415878 19431 7942 139 9927 0 0 0 0 0 0 0 0 0 168241 0 0
domain1 ff 19317 19218 97 58277 4 0 0 1833 13903 13903 0 0 0 0 0 0 41179 38245 2835 1718542 99 59 1 38244 0 0 0 0 0 0 0 0 0 4670 0 0
cpu2 113859 0 5304492 1432472 3561071 655477 1241908411032 921289196776 3657302
domain0 0f 8346 8010 67 112074 282 91 0 8010 1404 1152 192 162057 82 0 0 1152 43402 4060 26472 12823588 12870 5190 62 3998 0 0 0 0 0 0 0 0 0 123827 0 0
domain1 ff 7879 7866 12 6088 2 0 0 2790 8180 8180 0 0 0 0 0 0 30048 27463 2409 1605157 176 69 3 27460 0 0 0 0 0 0 0 0 0 5239 0 0
cpu3 175917 0 4020708 1281052 1525175 476552 543360158081 212912421733 2528192
domain0 0f 8941 8580 103 399477 274 41 0 8580 667 501 139 199605 28 0 0 501 48357 10945 31945 31173073 5467 1329 64 10881 0 0 0 0 0 0 0 0 0 64845 0 0
domain1 ff 8510 8508 1 793 1 1 0 1126 2858 2858 0 0 0 0 0 0 42174 38873 3261 2807719 40 17 1 38872 0 0 0 0 0 0 0 0 0 2174 0 0
cpu4 555635 0 1669702 362040 761107 173209 343290999301 112967794653 1083814
domain0 f0 1140 1133 1 1699 7 2 0 1133 214 196 12 49780 20 0 0 196 3019 1656 1081 411076 282 106 3 1653 0 0 0 0 0 0 0 0 0 3762 0 0
domain1 ff 1065 1036 27 30809 13 12 0 1003 323 317 4 6000 2 0 0 38 2725 1701 867 690388 84 11 0 1701 23 10 13 0 0 0 0 0 0 13781 0 0
cpu5 546240 0 1823116 432964 673130 272335 324128743041 114773011357 1201776
domain0 f0 2299 2296 3 1294 0 2 0 2296 215 197 13 10142 9 0 0 197 3602 1730 1479 707187 393 125 3 1727 0 0 0 0 0 0 0 0 0 2738 0 0
domain1 ff 2187 2174 7 2817 7 7 0 1977 239 237 0 434 7 0 0 11 3195 2296 706 567469 128 24 0 2296 27 20 7 0 0 0 0 0 0 10155 0 0
cpu6 548680 0 1674872 376576 565381 232725 284869872548 100998341386 1102991
domain0 f0 767 758 2 3787 8 8 0 758 94 80 9 5621 7 0 0 80 2238 615 1237 693945 386 122 1 614 0 0 0 0 0 0 0 0 0 1987 0 0
domain1 ff 731 730 1 973 9 8 0 99 243 243 0 0 0 0 0 20 1838 1042 651 534010 68 9 0 1042 34 25 9 0 0 0 0 0 0 4292 0 0
cpu7 532322 0 1208638 225155 322937 92321 178289368489 79140143257 829063
domain0 f0 2126 2117 4 3213 5 6 0 2117 256 232 18 11682 12 0 0 232 2805 815 1440 746691 550 171 2 813 0 0 0 0 0 0 0 0 0 1942 0 0
domain1 ff 2038 2032 3 1224 17 17 0 147 366 366 0 0 0 0 0 0 2235 1535 530 441032 114 18 0 1535 35 18 17 0 0 0 0 0 0 6306 0 0
---- /proc/meminfo
MemTotal:        3314892 kB
MemFree:          182052 kB
MemAvailable:    1277800 kB
Buffers:           34924 kB
Cached:          1146884 kB
SwapCached:        74408 kB
Active:          1016032 kB
Inactive:         970452 kB
Active(anon):     383792 kB
Inactive(anon):   437304 kB
Active(file):     632240 kB
Inactive(file):   533148 kB
Unevictable:         576 kB
Mlocked:             576 kB
SwapTotal:       2097148 kB
SwapFree:        1634040 kB
Dirty:                 4 kB
Writeback:             0 kB
AnonPages:        797872 kB
Mapped:           580168 kB
Shmem:             16420 kB
Slab:             208272 kB
SReclaimable:      74012 kB
SUnreclaim:       134260 kB
KernelStack:       37744 kB
PageTables:        55628 kB
NFS_Unstable:          0 kB
Bounce:                0 kB
WritebackTmp:          0 kB
CommitLimit:     3754592 kB
Committed_AS:   105100508 kB
VmallocTotal:   258867136 kB
VmallocUsed:           0 kB
VmallocChunk:          0 kB
CmaTotal:         135168 kB
CmaFree:            1444 kB
---- /proc/stat
cpu  251462 35548 297306 6861670 23902 26521 33860 0 0 0
cpu0 83692 9872 102195 704883 8137 11168 16102 0 0 0
cpu1 65467 8132 78660 754605 5672 4924 6860 0 0 0
cpu2 47741 4030 50936 817785 4565 3199 5040 0 0 0
cpu3 6308 1599 29007 888351 2664 3366 3491 0 0 0
cpu4 11234 4091 12795 914451 1007 1753 717 0 0 0
cpu5 16303 2867 9650 917630 741 876 1335 0 0 0
cpu6 13873 2773 8359 925508 628 650 203 0 0 0
cpu7 6844 2184 5704 938457 488 585 112 0 0 0
intr 17778142 0 0 0 3413629 0 555708 5 4 5 0 0 40 0 0 0 0 68680 0 0 0 3213 842 6426 0 0 0 0 0 0 1 55 0 11921 146141 806317 788367 26728 4112 202871 0 0 12 0 0 6379 0 0 0 0 0 0 89396 0 0 0 0 0 0 0 0 0 0 0 0 0 0 0 0 0 0 0 0 0 0 0 0 0 0 0 0 0 0 0 0 0 0 0 0 0 0 0 4596 0 0 0 0 0 0 0 0 0 0 0 0 0 0 0 0 254 3449 0 0 0 0 0 0 0 0 0 0 0 0 0 0 0 0 0 0 0 0 0 0 0 0 0 0 0 0 0 0 0 0 0 0 0 0 0 0 0 0 0 0 0 0 0 0 0 0 0 0 0 0 1 0 0 30 0 2 2 14239 25598 14480 8 81355 119397 0 0 444 0 1 118045 0 0 0 0 0 0 0 0 0 0 0 0 0 0 0 0 0 0 0 0 0 0 0 0 0 0 0 0 0 0 0 0 0 0 0 0 0 0 0 0 0 0 0 0 0 0 0 0 0 0 0 26 0 0 0 17 0 0 0 0 0 0 0 0 0 0 0 0 0 0 0 0 0 0 0 0 0 0 0 0 0 0 0 0 0 0 0 0 0 0 0 0 0 328 0 0 0 0 0 0 0 0 31 0 0 0 0 0 0 0 0 0 0 0 0 0 0 60 0 0 0 0 2231 20 0 14478 0 0 1 0 0 0 0 0 0 0 0 0 0 0 0 0 0 0 0 0 0 0 0 0 0 0 0 0 118041 17184 13 4863 239 246 6293 51 0 45620 92406 5 0 0 8 0 3 37 9 9 9 9 0 1 0 0 4 0 1 9 0 0 0 0 0 0 0 5 0 0 0 0 0 0 0 0 0 0 0 0 0 0 0 0 0 0 0 0 0 0 0 0 0 0 0 0 0 0 0 0 0 0 0 0 0 0 0 0 0 0 0 0 0 0 0 0 0 0 0 0 0 0 0 0 0 0 0 0 0 0 0 0 0 0 0 0 0 0 0 0 0 0 0 0 0 0 0 0 0 0 0 0 0 0 0 0 0 0 0 0 0 0 0 0 0 0 0 0 0 0 0 0 0 0 0 0 0 0 0 0 0 0 0 0 0 0 0 0 0 0 0 0 0 0 0 0 0 0 0 0 0 0 0 0 0 0 0 0 0 0 0 0 0 22 0 0 3403 0 0 1 1 0 0 0 0 0 0 0 0 0 0 0 0 0 0 0 0 0 0 0 0 0 0 0 0 0 0 0 0 0 0 1 1 0 0 0 0 0 0 0 0 0 0 0 0 0 0 0 0 0 0 0 0 0 0 0 0 0 0 0 0 0 0 1 1 0 0 0 0 0 0 0 0 0 0 0 0 0 0 0 0 0 0 0 0 0 0 0 0 0 0 0 0 0 0 0 0 0 0 0 0 0 0 0 0 0 0 0 0 0 0 0 0 0 0 0 0 0 0 0 0 0 0 0 0 0 0 0 0 0 0 0 0 0 0 0 0 0 0 0 0 0 0 0 0 0 0 0 0 0 0 0 0 0 0 0 0 0 0 0 0 0 0 0 0 0 0 0 0 0 0 0 0 0 0 0 0 0 0 0 0 0 0 0 0 0 0 0 0 0 76930 0 0 2 11 0 17 0 0 0 0 0 0 0 0 0 0 0 0 0 0 0 0 0 0 0 0 0 0 0 0 0 0 0 0 0 0 0
ctxt 30640033
btime 1522694715
processes 28219
procs_running 1
procs_blocked 0
softirq 5812007 1800461 1019254 16643 22407 178705 11095 167340 1010692 0 1585410
---- top
User 1%, System 11%, IOW 0%, IRQ 0%
User 1 + Nice 0 + Sys 6 + Idle 45 + IOW 0 + IRQ 0 + SIRQ 0 = 52

  PID USER     PR  NI CPU% S  #THR     VSS     RSS PCY Name
28222 shell    20   0  11% R     1  10084K   4556K  fg top
    2 root     20   0   0% S     1      0K      0K  fg kthreadd
    3 root     20   0   0% S     1      0K      0K  fg ksoftirqd/0
    6 root     20   0   0% S     1      0K      0K  fg kworker/u16:0
    7 root     20   0   0% S     1      0K      0K  fg rcu_preempt
    8 root     20   0   0% S     1      0K      0K  fg rcu_sched
    9 root     20   0   0% S     1      0K      0K  fg rcu_bh
   10 root     RT   0   0% S     1      0K      0K  fg migration/0
   11 root     RT   0   0% S     1      0K      0K  fg migration/1
   12 root     20   0   0% S     1      0K      0K  fg ksoftirqd/1
   14 root      0 -20   0% S     1      0K      0K  fg kworker/1:0H
   15 root     RT   0   0% S     1      0K      0K  fg migration/2
   16 root     20   0   0% S     1      0K      0K  fg ksoftirqd/2
   18 root      0 -20   0% S     1      0K      0K  fg kworker/2:0H
   19 root     RT   0   0% S     1      0K      0K  fg migration/3
   20 root     20   0   0% S     1      0K      0K  fg ksoftirqd/3
   22 root      0 -20   0% S     1      0K      0K  fg kworker/3:0H
   23 root     RT   0   0% S     1      0K      0K  fg migration/4
   24 root     20   0   0% S     1      0K      0K  fg ksoftirqd/4
   26 root      0 -20   0% S     1      0K      0K  fg kworker/4:0H
   27 root     RT   0   0% S     1      0K      0K  fg migration/5
   28 root     20   0   0% S     1      0K      0K  fg ksoftirqd/5
   29 root     20   0   0% D     1      0K      0K  fg kworker/5:0
   30 root      0 -20   0% S     1      0K      0K  fg kworker/5:0H
   31 root     RT   0   0% S     1      0K      0K  fg migration/6
   32 root     20   0   0% S     1      0K      0K  fg ksoftirqd/6
   34 root      0 -20   0% S     1      0K      0K  fg kworker/6:0H
   35 root     RT   0   0% S     1      0K      0K  fg migration/7
   36 root     20   0   0% S     1      0K      0K  fg ksoftirqd/7
   38 root      0 -20   0% S     1      0K      0K  fg kworker/7:0H
   39 root      0 -20   0% S     1      0K      0K  fg netns
   40 root      0 -20   0% S     1      0K      0K  fg perf
   41 root      0 -20   0% S     1      0K      0K  fg smd_channel_clo
   42 root     20   0   0% S     1      0K      0K  fg dsps_smd_trans_
   43 root     20   0   0% S     1      0K      0K  fg lpass_smd_trans
   44 root     20   0   0% S     1      0K      0K  fg mpss_smd_trans_
   45 root     20   0   0% S     1      0K      0K  fg wcnss_smd_trans
   46 root     20   0   0% S     1      0K      0K  fg rpm_smd_trans_g
   47 root      0 -20   0% S     1      0K      0K  fg ipa_usb_wq
   48 root     20   0   0% D     1      0K      0K  fg kworker/0:1
   49 root     20   0   0% S     1      0K      0K  fg smem_native_mps
   50 root     20   0   0% S     1      0K      0K  fg mpss_smem_glink
   51 root     20   0   0% S     1      0K      0K  fg smem_native_lpa
   52 root     -2   0   0% S     1      0K      0K  fg lpass_smem_glin
   53 root     20   0   0% S     1      0K      0K  fg smem_native_dsp
   54 root     20   0   0% S     1      0K      0K  fg dsps_smem_glink
   55 root     20   0   0% S     1      0K      0K  fg smem_native_rpm
   56 root     20   0   0% S     1      0K      0K  fg rpm_smem_glink_
   57 root     RT   0   0% S     1      0K      0K  fg msm_watchdog
   58 root      0 -20   0% S     1      0K      0K  fg deferwq
   59 root     20   0   0% D     1      0K      0K  fg kworker/u16:1
   60 root     RT   0   0% S     1      0K      0K  fg irq/108-cpr3
   61 root      0 -20   0% S     1      0K      0K  fg mpm
   63 root     20   0   0% S     1      0K      0K  fg kworker/u16:2
   64 root      0 -20   0% S     1      0K      0K  fg writeback
   65 root     20   0   0% S     1      0K      0K  fg kcompactd0
   66 root      0 -20   0% S     1      0K      0K  fg crypto
   67 root      0 -20   0% S     1      0K      0K  fg bioset
   68 root      0 -20   0% S     1      0K      0K  fg kblockd
   70 root     RT   0   0% S     1      0K      0K  fg irq/352-sm5720-
   71 root     20   0   0% S     1      0K      0K  fg system
   72 root     20   0   0% S     1      0K      0K  fg qsecom
   73 root     20   0   0% S     1      0K      0K  fg camera_preview
   74 root      0 -20   0% S     1      0K      0K  fg devfreq_wq
   75 root      0 -20   0% S     1      0K      0K  fg governor_msm_ad
   76 root      0 -20   0% S     1      0K      0K  fg cfg80211
   77 root     RT   0   0% S     1      0K      0K  fg irq/116-arm-smm
   78 root      0 -20   0% S     1      0K      0K  fg ipa_power_mgmt
   79 root      0 -20   0% S     1      0K      0K  fg transport_power
   80 root      0 -20   0% S     1      0K      0K  fg ipa_rm_wq
   81 root      0 -20   0% S     1      0K      0K  fg ipa_interrupt_w
   82 root     RT   0   0% S     1      0K      0K  fg irq/117-arm-smm
   83 root     RT   0   0% S     1      0K      0K  fg irq/118-arm-smm
   98 root      0 -20   0% S     1      0K      0K  fg power_off_alarm
   99 root     20   0   0% S     1      0K      0K  fg kswapd0
  100 root      0 -20   0% S     1      0K      0K  fg vmstat
  101 root     20   0   0% S     1      0K      0K  fg fsnotify_mark
  102 root     20   0   0% S     1      0K      0K  fg ecryptfs-kthrea
  135 root      0 -20   0% S     1      0K      0K  fg ad_calc_wq
  136 root     RT   0   0% D     1      0K      0K  fg mdss_dsi_event
  137 root      0 -20   0% S     1      0K      0K  fg reac_copr_wq
  138 root      0 -20   0% S     1      0K      0K  fg mdss_dsi_dba
  139 root     20   0   0% D     1      0K      0K  fg mdss_dp_event
  140 root      0 -20   0% S     1      0K      0K  fg mdss_dp_hpd
  141 root     RT   0   0% S     1      0K      0K  fg irq/518-esd_rec
  142 root      0 -20   0% S     1      0K      0K  fg cwb_wq
  143 root     -6   0   0% S     1      0K      0K  fg vsync_retire_wo
  144 root      0 -20   0% S     1      0K      0K  fg hdcp_1x_1
  145 root     20   0   0% S     1      0K      0K  fg hdcp_tz_lib
  146 root     20   0   0% S     1      0K      0K  fg dp_hdcp2p2
  147 root      0 -20   0% S     1      0K      0K  fg cwb_wq
  148 root      0 -20   0% S     1      0K      0K  fg cwb_wq
  150 root      0 -20   0% S     1      0K      0K  fg glink_ssr_wq
  151 root      0 -20   0% S     1      0K      0K  fg glink_lbsrv
  152 root     20   0   0% S     1      0K      0K  fg spi_wdsp
  153 root     -2   0   0% S     1      0K      0K  fg wdsp_spi_glink_
  154 root      0 -20   0% S     1      0K      0K  fg glink_xprt_wq
  155 root      0 -20   0% S     1      0K      0K  fg IPCRTR_mpss_sme
  156 root      0 -20   0% S     1      0K      0K  fg IPCRTR_lpass_sm
  157 root      0 -20   0% S     1      0K      0K  fg IPCRTR_dsps_sme
  158 root      0 -20   0% S     1      0K      0K  fg apr_driver
  159 root      0 -20   0% S     1      0K      0K  fg glink_pkt_wq
  160 root      0 -20   0% S     1      0K      0K  fg mem_share_svc
  161 root      0 -20   0% S     1      0K      0K  fg qmi_hndl0000000
  162 root      0 -20   0% S     1      0K      0K  fg msm_ipc_router
  163 root      0 -20   0% S     1      0K      0K  fg k_hsuart
  164 root     20   0   0% S     1      0K      0K  fg msm_serial_hs_1
  165 root     20   0   0% S     1      0K      0K  fg msm_serial_hs_1
  166 root      0 -20   0% S     1      0K      0K  fg k_hsuart
  167 root     20   0   0% S     1      0K      0K  fg msm_serial_hs_0
  168 root     20   0   0% S     1      0K      0K  fg msm_serial_hs_0
  169 root      0 -20   0% S     1      0K      0K  fg k_hsuart
  170 root     20   0   0% S     1      0K      0K  fg msm_serial_hs_8
  171 root     20   0   0% S     1      0K      0K  fg msm_serial_hs_8
  172 root     20   0   0% S     1      0K      0K  fg hwrng
  174 root      0 -20   0% S     1      0K      0K  fg diag_real_time_
  175 root      0 -20   0% S     1      0K      0K  fg diag_wq
  176 root      0 -20   0% S     1      0K      0K  fg DIAG_USB_diag
  177 root      0 -20   0% S     1      0K      0K  fg diag_cntl_wq
  178 root      0 -20   0% S     1      0K      0K  fg diag_dci_wq
  179 root      0 -20   0% S     1      0K      0K  fg DIAG_SMD_MODEM_
  180 root      0 -20   0% S     1      0K      0K  fg DIAG_SMD_MODEM_
  181 root      0 -20   0% S     1      0K      0K  fg DIAG_SMD_MODEM_
  182 root      0 -20   0% S     1      0K      0K  fg DIAG_SMD_MODEM_
  183 root      0 -20   0% S     1      0K      0K  fg DIAG_SMD_MODEM_
  184 root      0 -20   0% S     1      0K      0K  fg DIAG_SMD_LPASS_
  185 root      0 -20   0% S     1      0K      0K  fg DIAG_SMD_LPASS_
  186 root      0 -20   0% S     1      0K      0K  fg DIAG_SMD_LPASS_
  187 root      0 -20   0% S     1      0K      0K  fg DIAG_SMD_LPASS_
  188 root      0 -20   0% S     1      0K      0K  fg DIAG_SMD_LPASS_
  189 root      0 -20   0% S     1      0K      0K  fg DIAG_SMD_WCNSS_
  190 root      0 -20   0% S     1      0K      0K  fg DIAG_SMD_WCNSS_
  191 root      0 -20   0% S     1      0K      0K  fg DIAG_SMD_WCNSS_
  192 root      0 -20   0% S     1      0K      0K  fg DIAG_SMD_WCNSS_
  193 root      0 -20   0% S     1      0K      0K  fg DIAG_SMD_WCNSS_
  194 root      0 -20   0% S     1      0K      0K  fg DIAG_SMD_SENSOR
  195 root      0 -20   0% S     1      0K      0K  fg DIAG_SMD_SENSOR
  196 root      0 -20   0% S     1      0K      0K  fg DIAG_SMD_SENSOR
  197 root      0 -20   0% S     1      0K      0K  fg DIAG_SMD_SENSOR
  198 root      0 -20   0% S     1      0K      0K  fg DIAG_SMD_SENSOR
  199 root      0 -20   0% S     1      0K      0K  fg DIAG_SMD_DIAG_C
  200 root      0 -20   0% S     1      0K      0K  fg DIAG_SMD_DIAG_D
  201 root      0 -20   0% S     1      0K      0K  fg DIAG_SMD_DIAG_C
  202 root      0 -20   0% S     1      0K      0K  fg DIAG_SMD_DIAG_D
  203 root      0 -20   0% S     1      0K      0K  fg DIAG_SMD_DIAG_D
  204 root      0 -20   0% S     1      0K      0K  fg DIAG_SOCKMODEM_
  205 root      0 -20   0% S     1      0K      0K  fg DIAG_SOCKMODEM_
  206 root      0 -20   0% S     1      0K      0K  fg DIAG_SOCKMODEM_
  207 root      0 -20   0% S     1      0K      0K  fg DIAG_SOCKMODEM_
  208 root      0 -20   0% S     1      0K      0K  fg DIAG_SOCKMODEM_
  209 root      0 -20   0% S     1      0K      0K  fg DIAG_SOCKLPASS_
  210 root      0 -20   0% S     1      0K      0K  fg DIAG_SOCKLPASS_
  211 root      0 -20   0% S     1      0K      0K  fg DIAG_SOCKLPASS_
  212 root      0 -20   0% S     1      0K      0K  fg DIAG_SOCKLPASS_
  213 root      0 -20   0% S     1      0K      0K  fg DIAG_SOCKLPASS_
  214 root      0 -20   0% S     1      0K      0K  fg DIAG_SOCKWCNSS_
  215 root      0 -20   0% S     1      0K      0K  fg DIAG_SOCKWCNSS_
  216 root      0 -20   0% S     1      0K      0K  fg DIAG_SOCKWCNSS_
  217 root      0 -20   0% S     1      0K      0K  fg DIAG_SOCKWCNSS_
  218 root      0 -20   0% S     1      0K      0K  fg DIAG_SOCKWCNSS_
  219 root      0 -20   0% S     1      0K      0K  fg DIAG_SOCKSENSOR
  220 root      0 -20   0% S     1      0K      0K  fg DIAG_SOCKSENSOR
  221 root      0 -20   0% S     1      0K      0K  fg DIAG_SOCKSENSOR
  222 root      0 -20   0% S     1      0K      0K  fg DIAG_SOCKSENSOR
  223 root      0 -20   0% S     1      0K      0K  fg DIAG_SOCKSENSOR
  224 root      0 -20   0% S     1      0K      0K  fg DIAG_SOCKDIAG_C
  225 root      0 -20   0% S     1      0K      0K  fg DIAG_SOCKDIAG_D
  226 root      0 -20   0% S     1      0K      0K  fg DIAG_SOCKDIAG_C
  227 root      0 -20   0% S     1      0K      0K  fg DIAG_SOCKDIAG_D
  228 root      0 -20   0% S     1      0K      0K  fg DIAG_SOCKDIAG_D
  229 root      0 -20   0% S     1      0K      0K  fg DIAG_CNTL_SOCKE
  230 root      0 -20   0% S     1      0K      0K  fg DIAG_GLINK_DIAG
  231 root      0 -20   0% S     1      0K      0K  fg DIAG_GLINK_DIAG
  232 root      0 -20   0% S     1      0K      0K  fg DIAG_CTRL
  233 root      0 -20   0% S     1      0K      0K  fg DIAG_GLINK_DIAG
  234 root     20   0   0% S     1      0K      0K  fg kworker/u16:3
  235 root      0 -20   0% S     1      0K      0K  fg DIAG_DATA
  236 root      0 -20   0% S     1      0K      0K  fg DIAG_GLINK_DIAG
  237 root      0 -20   0% S     1      0K      0K  fg DIAG_CMD
  238 root      0 -20   0% S     1      0K      0K  fg DIAG_GLINK_DIAG
  239 root      0 -20   0% S     1      0K      0K  fg DIAG_DCI_DATA
  240 root      0 -20   0% S     1      0K      0K  fg DIAG_GLINK_DIAG
  241 root      0 -20   0% S     1      0K      0K  fg DIAG_DCI_CMD
  242 root      0 -20   0% S     1      0K      0K  fg DIAG_GLINK_DIAG
  243 root     20   0   0% S     1      0K      0K  fg kworker/u16:4
  244 root      0 -20   0% S     1      0K      0K  fg DIAG_GLINK_DIAG
  246 root      0 -20   0% S     1      0K      0K  fg DIAG_CTRL
  247 root      0 -20   0% S     1      0K      0K  fg DIAG_DATA
  248 root      0 -20   0% S     1      0K      0K  fg DIAG_GLINK_DIAG
  249 root      0 -20   0% S     1      0K      0K  fg DIAG_CMD
  250 root      0 -20   0% S     1      0K      0K  fg DIAG_GLINK_DIAG
  251 root      0 -20   0% S     1      0K      0K  fg DIAG_DCI_DATA
  252 root      0 -20   0% S     1      0K      0K  fg DIAG_GLINK_DIAG
  253 root      0 -20   0% S     1      0K      0K  fg DIAG_GLINK_DIAG
  254 root      0 -20   0% S     1      0K      0K  fg DIAG_DCI_CMD
  255 root      0 -20   0% S     1      0K      0K  fg DIAG_CTRL
  256 root      0 -20   0% S     1      0K      0K  fg DIAG_GLINK_DIAG
  257 root      0 -20   0% S     1      0K      0K  fg DIAG_DATA
  258 root      0 -20   0% S     1      0K      0K  fg DIAG_GLINK_DIAG
  259 root      0 -20   0% S     1      0K      0K  fg DIAG_CMD
    1 root     20   0   0% S     1  30552K   1400K  fg /init
  261 root      0 -20   0% S     1      0K      0K  fg DIAG_DCI_DATA
  262 root      0 -20   0% S     1      0K      0K  fg DIAG_GLINK_DIAG
  263 root      0 -20   0% S     1      0K      0K  fg DIAG_DCI_CMD
  264 root      0 -20   0% S     1      0K      0K  fg DIAG_GLINK_DIAG
  265 root      0 -20   0% S     1      0K      0K  fg DIAG_CTRL
  266 root      0 -20   0% S     1      0K      0K  fg DIAG_GLINK_DIAG
  267 root      0 -20   0% S     1      0K      0K  fg DIAG_DATA
  268 root      0 -20   0% S     1      0K      0K  fg DIAG_GLINK_DIAG
  269 root      0 -20   0% S     1      0K      0K  fg DIAG_CMD
  270 root      0 -20   0% S     1      0K      0K  fg DIAG_GLINK_DIAG
  271 root      0 -20   0% S     1      0K      0K  fg DIAG_DCI_DATA
  272 root      0 -20   0% S     1      0K      0K  fg DIAG_GLINK_DIAG
  273 root      0 -20   0% S     1      0K      0K  fg DIAG_DCI_CMD
  274 root      0 -20   0% S     1      0K      0K  fg DIAG_GLINK_DIAG
  275 root      0 -20   0% S     1      0K      0K  fg DIAG_GLINK_DIAG
  276 root      0 -20   0% S     1      0K      0K  fg DIAG_GLINK_DIAG
  277 root      0 -20   0% S     1      0K      0K  fg DIAG_GLINK_DIAG
  278 root      0 -20   0% S     1      0K      0K  fg kgsl-workqueue
  279 root      0 -20   0% S     1      0K      0K  fg kgsl-mementry
  280 root      0 -20   0% S     1      0K      0K  fg kgsl-events
  281 root      0 -20   0% S     1      0K      0K  fg kgsl_devfreq_wq
  282 root      0 -20   0% S     1      0K      0K  fg bioset
  283 root      0 -20   0% S     1      0K      0K  fg bioset
  284 root      0 -20   0% S     1      0K      0K  fg bioset
  285 root      0 -20   0% S     1      0K      0K  fg bioset
  286 root      0 -20   0% S     1      0K      0K  fg bioset
  287 root      0 -20   0% S     1      0K      0K  fg bioset
  288 root      0 -20   0% S     1      0K      0K  fg bioset
  289 root      0 -20   0% S     1      0K      0K  fg bioset
  290 root      0 -20   0% S     1      0K      0K  fg bioset
  291 root      0 -20   0% S     1      0K      0K  fg bioset
  292 root      0 -20   0% S     1      0K      0K  fg bioset
  293 root      0 -20   0% S     1      0K      0K  fg bioset
  294 root      0 -20   0% S     1      0K      0K  fg bioset
  295 root      0 -20   0% S     1      0K      0K  fg bioset
  296 root      0 -20   0% S     1      0K      0K  fg bioset
  297 root      0 -20   0% S     1      0K      0K  fg bioset
  298 root      0 -20   0% S     1      0K      0K  fg bioset
  299 root      0 -20   0% S     1      0K      0K  fg bioset
  300 root      0 -20   0% S     1      0K      0K  fg bioset
  301 root      0 -20   0% S     1      0K      0K  fg bioset
  302 root      0 -20   0% S     1      0K      0K  fg bioset
  303 root      0 -20   0% S     1      0K      0K  fg bioset
  304 root      0 -20   0% S     1      0K      0K  fg bioset
  305 root      0 -20   0% S     1      0K      0K  fg bioset
  306 root      0 -20   0% S     1      0K      0K  fg qcrypto_seq_res
  307 root     20   0   0% S     1      0K      0K  fg scsi_eh_0
  308 root      0 -20   0% S     1      0K      0K  fg scsi_tmf_0
  309 root      0 -20   0% S     1      0K      0K  fg ufs_pm_qos_0
  310 root      0 -20   0% S     1      0K      0K  fg ufs_clk_ungatin
  311 root      0 -20   0% S     1      0K      0K  fg ufs_clkscaling_
  312 root     20   0   0% S     1      0K      0K  fg spi1
  313 root     20   0   0% S     1      0K      0K  fg spi2
  314 root     20   0   0% S     1      0K      0K  fg spi10
  315 root     20   0   0% S     1      0K      0K  fg spi12
  316 root      0 -20   0% S     1      0K      0K  fg bond0
  317 root      0 -20   0% S     1      0K      0K  fg sharedmem_qmi_w
  318 root      0 -20   0% S     1      0K      0K  fg qmi_hndl0000000
  322 root      0 -20   0% S     1      0K      0K  fg k_gserial
  323 root      0 -20   0% S     1      0K      0K  fg uether
  324 root      0 -20   0% S     1      0K      0K  fg k_ipa_usb
  325 root     RT   0   0% S     1      0K      0K  fg irq/303-sec_ts
  326 root      0 -20   0% S     1      0K      0K  fg msm_cci_wq
  327 root      0 -20   0% S     1      0K      0K  fg msm_cci_wq
  328 root      0 -20   0% S     1      0K      0K  fg bioset
  329 root      0 -20   0% S     1      0K      0K  fg bioset
  330 root      0 -20   0% S     1      0K      0K  fg bioset
  331 root      0 -20   0% S     1      0K      0K  fg bioset
  332 root      0 -20   0% S     1      0K      0K  fg msm_cpp_workque
  333 root      0 -20   0% S     1      0K      0K  fg bioset
  334 root      0 -20   0% S     1      0K      0K  fg bioset
  335 root      0 -20   0% S     1      0K      0K  fg bioset
  336 root     20   0   0% S     1      0K      0K  fg kworker/u16:6
  338 root      0 -20   0% S     1      0K      0K  fg msm_vidc_worker
  339 root      0 -20   0% S     1      0K      0K  fg pm_workerq_venu
  340 root     RT   0   0% S     1      0K      0K  fg irq/140-arm-smm
  341 root     RT   0   0% S     1      0K      0K  fg irq/141-arm-smm
  342 root     RT   0   0% S     1      0K      0K  fg irq/142-arm-smm
  343 root     RT   0   0% S     1      0K      0K  fg irq/143-arm-smm
  344 root      0 -20   0% S     1      0K      0K  fg rot_commitq_0_0
  345 root      0 -20   0% S     1      0K      0K  fg rot_commitq_0_1
  346 root      0 -20   0% S     1      0K      0K  fg rot_doneq_0_0
  347 root      0 -20   0% S     1      0K      0K  fg rot_doneq_0_1
  348 root     RT   0   0% S     1      0K      0K  fg irq/311-rtc6213
  349 root     20   0   0% S     1      0K      0K  fg therm_core:noti
  350 root     20   0   0% S     1      0K      0K  fg therm_core:noti
  351 root     20   0   0% S     1      0K      0K  fg therm_core:noti
  352 root     20   0   0% S     1      0K      0K  fg therm_core:noti
  353 root     20   0   0% S     1      0K      0K  fg therm_core:noti
  354 root     20   0   0% S     1      0K      0K  fg therm_core:noti
  355 root     20   0   0% S     1      0K      0K  fg therm_core:noti
  356 root     20   0   0% S     1      0K      0K  fg therm_core:noti
  357 root     20   0   0% S     1      0K      0K  fg therm_core:noti
  358 root     20   0   0% S     1      0K      0K  fg therm_core:noti
  359 root     20   0   0% S     1      0K      0K  fg therm_core:noti
  360 root     20   0   0% S     1      0K      0K  fg therm_core:noti
  361 root     20   0   0% S     1      0K      0K  fg therm_core:noti
  362 root     20   0   0% S     1      0K      0K  fg therm_core:noti
  363 root     20   0   0% S     1      0K      0K  fg therm_core:noti
  364 root     20   0   0% S     1      0K      0K  fg therm_core:noti
  365 root     20   0   0% S     1      0K      0K  fg therm_core:noti
  366 root     RT   0   0% S     1      0K      0K  fg irq/44-tsens_in
  367 root     RT   0   0% S     1      0K      0K  fg irq/45-tsens_cr
  368 root     20   0   0% S     1      0K      0K  fg therm_core:noti
  369 root     20   0   0% S     1      0K      0K  fg therm_core:noti
  370 root     20   0   0% S     1      0K      0K  fg therm_core:noti
  371 root     20   0   0% S     1      0K      0K  fg therm_core:noti
  372 root     20   0   0% S     1      0K      0K  fg therm_core:noti
  373 root     20   0   0% S     1      0K      0K  fg therm_core:noti
  374 root     20   0   0% S     1      0K      0K  fg therm_core:noti
  375 root     20   0   0% S     1      0K      0K  fg therm_core:noti
  376 root     RT   0   0% S     1      0K      0K  fg irq/46-tsens_in
  377 root     RT   0   0% S     1      0K      0K  fg irq/47-tsens_cr
  378 root     20   0   0% S     1      0K      0K  fg therm_core:noti
  379 root     RT   0   0% S     1      0K      0K  fg irq/350-limits_
  380 root     20   0   0% S     1      0K      0K  fg therm_core:noti
  381 root     RT   0   0% S     1      0K      0K  fg irq/351-limits_
  382 root      0 -20   0% S     1      0K      0K  fg dm_bufio_cache
  383 root     RT   0   0% S     1      0K      0K  fg cfinteractive
  384 root     RT   0   0% S     1      0K      0K  fg irq/37-c0a4900.
  385 root     RT   0   0% S     1      0K      0K  fg irq/36-mmc0
  386 root     RT   0   0% S     1      0K      0K  fg irq/277-c0a4900
  387 root      0 -20   0% S     1      0K      0K  fg ovr_work
  388 root      0 -20   0% S     1      0K      0K  fg bioset
  389 root     RT   0   0% S     1      0K      0K  fg irq/179-spdm_bw
  390 root     20   0   0% S     1      0K      0K  fg coagent1
  391 root      0 -20   0% S     1      0K      0K  fg binder
  392 root     RT   0   0% S     1      0K      0K  fg irq/255-jig-irq
  393 root      0 -20   0% S     1      0K      0K  fg kworker/0:1H
  394 root     20   0   0% S     1      0K      0K  fg kworker/u16:7
  395 root      0 -20   0% S     1      0K      0K  fg sm5720-charger
  397 root      0 -20   0% S     1      0K      0K  fg kworker/1:1H
  398 root      0 -20   0% S     1      0K      0K  fg mfc_workqueue
  399 root     RT   0   0% S     1      0K      0K  fg irq/522-wpd-det
  400 root     RT   0   0% S     1      0K      0K  fg irq/261-sx9320_
  401 root     RT   0   0% S     1      0K      0K  fg irq/304-hrm_sen
  402 root      0 -20   0% S     1      0K      0K  fg slpi_motor_wq
  403 root      0 -20   0% S     1      0K      0K  fg prox_wq
  404 root      0 -20   0% S     1      0K      0K  fg ss_vibrator
  405 root      0 -20   0% S     1      0K      0K  fg ccic_irq_event
  406 root     RT   0   0% S     1      0K      0K  fg irq/232-s2mm005
  407 root      0 -20   0% S     1      0K      0K  fg glink_lbsrv
  408 root      0 -20   0% S     1      0K      0K  fg vfsspi_debug_wq
  409 root     RT   0   0% S     1      0K      0K  fg irq/126-arm-smm
  410 root      0 -20   0% S     1      0K      0K  fg uaudio_svc
  411 root      0 -20   0% S     1      0K      0K  fg qmi_hndl0000000
  412 root      0 -20   0% S     1      0K      0K  fg maxdsm_wq
  413 root      0 -20   0% S     1      0K      0K  fg maxdsm_power_wq
  414 root      0 -20   0% S     1      0K      0K  fg ipv6_addrconf
  415 root     RT   0   0% S     1      0K      0K  fg irq/557-adsp
  416 root      0 -20   0% S     1      0K      0K  fg sysmon_wq
  417 root      0 -20   0% S     1      0K      0K  fg qmi_svc_event_w
  418 root     RT   0   0% S     1      0K      0K  fg irq/589-slpi
  419 root     RT   0   0% S     1      0K      0K  fg irq/525-modem
  420 root     RT   0   0% S     1      0K      0K  fg irq/39-hs_phy_i
  421 root     RT   0   0% S     1      0K      0K  fg irq/40-ss_phy_i
  422 root     RT   0   0% S     1      0K      0K  fg irq/41-msm_dwc3
  423 root     RT   0   0% S     1      0K      0K  fg irq/715-dwc3
  424 root      0 -20   0% S     1      0K      0K  fg usb_bam_wq
  425 root     RT   0   0% S     1      0K      0K  fg core_ctl/0
  426 root     RT   0   0% S     1      0K      0K  fg core_ctl/4
  429 root     20   0   0% S     1      0K      0K  fg msm_perf:events
  431 root      0 -20   0% S     1      0K      0K  fg servloc_wq
  432 root      0 -20   0% S     1      0K      0K  fg rq_stats
  433 root     RT   0   0% S     1      0K      0K  fg irq/127-arm-smm
  434 root     RT   0   0% S     1      0K      0K  fg irq/128-arm-smm
  435 root     RT   0   0% S     1      0K      0K  fg irq/129-arm-smm
  436 root     RT   0   0% S     1      0K      0K  fg irq/130-arm-smm
  437 root     RT   0   0% S     1      0K      0K  fg irq/131-arm-smm
  438 root     RT   0   0% S     1      0K      0K  fg irq/132-arm-smm
  439 root     RT   0   0% S     1      0K      0K  fg irq/133-arm-smm
  440 root     RT   0   0% S     1      0K      0K  fg irq/134-arm-smm
  441 root      0 -20   0% S     1      0K      0K  fg sb-1
  442 root     20   0   0% S     1      0K      0K  fg ngd_rx_thread1
  443 root     20   0   0% S     1      0K      0K  fg ngd_notify_sl1
  444 root      0 -20   0% S     1      0K      0K  fg usb_notify
  445 root     RT   0   0% S     1      0K      0K  fg irq/719-flip_co
  446 root     RT   0   0% S     1      0K      0K  fg irq/720-certify
  447 root     20   0   0% D     1      0K      0K  fg msm-core:sampli
  449 root     RT   0   0% S     1      0K      0K  fg irq/273-wpc-irq
  450 root     20   0   0% S     1      0K      0K  fg therm_core:noti
  451 root     20   0   0% S     1      0K      0K  fg therm_core:noti
  452 root     20   0   0% S     1      0K      0K  fg therm_core:noti
  453 root     RT   0   0% S     1      0K      0K  fg irq/49-lmh-inte
  454 root      0 -20   0% S     1      0K      0K  fg soc:battery
  456 root     20   0   0% S     1      0K      0K  fg therm_core:noti
  457 root     20   0   0% S     1      0K      0K  fg therm_core:noti
  495 root     20   0   0% S     1  11528K   1012K  fg /sbin/ueventd
  498 root     20   0   0% S     1      0K      0K  fg jbd2/sda19-8
  499 root      0 -20   0% S     1      0K      0K  fg ext4-rsv-conver
  501 root      0 -20   0% S     1      0K      0K  fg kworker/2:1H
  502 root      0 -20   0% S     1      0K      0K  fg kworker/3:1H
  503 root      0 -20   0% S     1      0K      0K  fg kworker/4:1H
  504 root     20   0   0% S     1      0K      0K  fg jbd2/sda25-8
  505 root      0 -20   0% S     1      0K      0K  fg ext4-rsv-conver
  507 root     20   0   0% S     1      0K      0K  fg jbd2/sda20-8
  508 root      0 -20   0% S     1      0K      0K  fg ext4-rsv-conver
  510 root     20   0   0% S     1      0K      0K  fg jbd2/sda23-8
  511 root      0 -20   0% S     1      0K      0K  fg ext4-rsv-conver
  514 root     20   0   0% S     1      0K      0K  fg jbd2/sda5-8
  515 root      0 -20   0% S     1      0K      0K  fg ext4-rsv-conver
  516 root     20   0   0% S     1      0K      0K  fg jbd2/sdd7-8
  517 root      0 -20   0% S     1      0K      0K  fg ext4-rsv-conver
  519 root     20   0   0% S     1      0K      0K  fg jbd2/sda6-8
  520 root      0 -20   0% S     1      0K      0K  fg ext4-rsv-conver
  522 root     20   0   0% S     1      0K      0K  fg jbd2/sda21-8
  523 root      0 -20   0% S     1      0K      0K  fg ext4-rsv-conver
  525 root     20   0   0% S     1      0K      0K  fg jbd2/sda22-8
  526 root      0 -20   0% S     1      0K      0K  fg ext4-rsv-conver
  527 logd     30  10   0% S     5  30336K  15860K  bg /system/bin/logd
  528 system   20   0   0% S     1  12856K   3548K  fg /system/bin/qseecomd
  534 system   20   0   0% S    11  25968K   2328K  fg /system/bin/qseecomd
  548 root      0 -20   0% S     1      0K      0K  fg ipawq14
  549 root      0 -20   0% S     1      0K      0K  fg iparepwq14
  550 root      0 -20   0% S     1      0K      0K  fg ipawq47
  551 root      0 -20   0% S     1      0K      0K  fg iparepwq47
  552 root      0 -20   0% S     1      0K      0K  fg ipawq13
  553 root      0 -20   0% S     1      0K      0K  fg iparepwq13
  554 root      0 -20   0% S     1      0K      0K  fg ipa_A7_svc
  555 root      0 -20   0% S     1      0K      0K  fg qmi_hndl0000000
  556 root      0 -20   0% S     1      0K      0K  fg clnt_req
  557 root      0 -20   0% S     1      0K      0K  fg clnt_resp
  558 root      0 -20   0% S     1      0K      0K  fg clnt_req
  559 root     20   0   0% S     1   6076K   2576K  fg /system/bin/debuggerd
  560 root     20   0   0% S     1  11508K   3624K  fg /system/bin/debuggerd64
  561 root     20   0   0% S     9  36732K   6504K  fg /system/bin/vold
  562 root     20   0   0% S     1  10932K     72K  fg debuggerd64:signaller
  563 root     20   0   0% S     1   5500K    124K  fg debuggerd:signaller
  569 root      0 -20   0% S     1      0K      0K  fg lpass_IPCRTR
  570 root      0 -20   0% S     1      0K      0K  fg qmi_hndl0000000
  574 root     20   0   0% S     1      0K      0K  fg msm_slim_qmi_cl
  575 root      0 -20   0% S     1      0K      0K  fg qmi_hndl0000000
  576 root     RT   0   0% S     1      0K      0K  fg irq/236-wcd9xxx
  577 root     RT   0   0% S     1      0K      0K  fg irq/135-arm-smm
  580 root      0 -20   0% S     1      0K      0K  fg dsps_IPCRTR
  581 root     20   0   0% S     1      0K      0K  fg kworker/u16:8
  582 root      0 -20   0% S     1      0K      0K  fg qmi_hndl0000000
  584 audit    20   0   0% S     1  13400K   2384K  fg /system/bin/auditd
  585 root     20   0   0% S     1      0K      0K  fg kauditd
  588 root     20   0   0% S     5  16700K   2892K  fg /system/vendor/bin/perfd
  614 root     20   0   0% S     1   6736K    440K  fg /sbin/healthd
  619 nobody   20   0   0% S     5  18468K   2780K  fg /system/bin/rmt_storage
  620 rfs      20   0   0% S     1  12152K   2808K  fg /system/bin/tftp_server
  624 system   20   0   0% S     6  20584K   3240K  fg /system/bin/pm-service
  626 root     -2   0   0% S     1   9988K   3112K  fg /system/bin/lmkd
  627 system   20   0   0% S     1  10696K   3924K  fg /system/bin/servicemanager
  628 system   12  -8   0% S    16 265192K  27704K  fg /system/bin/surfaceflinger
  629 root      0 -20   0% S     1      0K      0K  fg kworker/5:1H
  634 root      0 -20   0% S     1      0K      0K  fg f_mtp
  635 root      0 -20   0% S     1      0K      0K  fg at_usb0
  637 root      0 -20   0% S     1      0K      0K  fg at_usb1
  638 root      0 -20   0% S     1      0K      0K  fg qdss
  652 system   20   0   0% S     4  16692K   3228K  fg /system/bin/pm-proxy
  653 system   20   0   0% S     1  17120K   7044K  fg /system/bin/secure_storage_daemon
  654 system   20   0   0% S     2  10456K   1532K  fg /system/bin/wsmd
  655 system   20   0   0% S    39  57336K   5264K  fg /system/bin/sensorhubservice
  657 drm      20   0   0% S     3  26036K   8056K  fg /system/bin/drmserver
  660 jack      1 -19   0% S     2   8652K   2476K  fg /system/bin/apaservice
  661 jack      1 -19   0% S     2  24856K   7572K  fg /system/bin/jackservice
  662 system   20   0   0% S     6  12440K   1624K  fg /system/bin/ss_conn_daemon
  663 root     20   0   0% S     2  16416K   3364K  fg /system/bin/qcom-system-daemon
  666 root      0 -20   0% S    58  82168K   2788K  fg /system/vendor/bin/thermal-engine
  668 media    20   0   0% S     3  13012K   2252K  fg /system/bin/adsprpcd
  670 system   20   0   0% S     3  31712K   5532K  fg /system/bin/bintvoutservice
  672 root     20   0   0% S     5 2249344K  98960K  fg zygote64
  673 root     20   0   0% S     5 1663356K  76628K  fg zygote
  674 system   20   0   0% S     7  57548K   7148K  fg /system/bin/imsd
  675 system   20   0   0% S     2  14620K   3120K  fg /system/bin/visiond
  676 audioser 20   0   0% S    16  93200K  15548K  fg /system/bin/audioserver
  677 camerase 20   0   0% S    27 291656K  47688K  fg /system/bin/cameraserver
  678 system   20   0   0% S     5  14112K   1700K  fg /system/bin/ddexe
  679 system   20   0   0% S     2  15764K   4580K  fg /system/bin/connfwexe
  680 root     20   0   0% S     2  12248K   1688K  fg /system/bin/dmm_v2
  682 system   20   0   0% S     5  18712K   4544K  fg /system/bin/smdexe
  683 root     20   0   0% S     1  22432K   6308K  fg /system/bin/installd
  694 keystore 20   0   0% S     1  14740K   5360K  fg /system/bin/keystore
  695 mediacod 20   0   0% S     9  84624K  11364K  fg media.codec
  696 media    20   0   0% S     3  26020K   7580K  fg /system/bin/mediadrmserver
  697 mediaex  20   0   0% S     5  51648K   9472K  fg media.extractor
  698 media    20   0   0% S    12 218652K  15888K  fg /system/bin/mediaserver
  706 root     20   0   0% S    16  31988K   5704K  fg /system/bin/netd
  708 gps      20   0   0% S     2  13412K   3212K  fg /system/bin/loc_launcher
  710 system   20   0   0% S     5  21288K   3432K  fg /system/bin/ATFWD-daemon
  711 system   20   0   0% S     6  20336K   2964K  fg /system/bin/time_daemon
  712 system   20   0   0% S     3  23836K   4820K  fg /system/bin/audiod
  713 system   20   0   0% S     2  21360K   4432K  fg /system/bin/fingerprintd
  756 root     20   0   0% S     1   8576K    740K  fg daemonsu:mount:master
  792 root     RT   0   0% S     1      0K      0K  fg msm_thermal:hot
  793 system   20   0   0% S     1  13600K   4004K  fg /system/bin/faced
  794 system   20   0   0% S     1  13604K   4064K  fg /system/bin/irisd
  795 system   20   0   0% S     1  13696K   4636K  fg /system/bin/gatekeeperd
  797 root     20   0   0% S     1   9292K   2888K  fg /system/xbin/perfprofd
  798 root     RT   0   0% S     1      0K      0K  fg msm_thermal:fre
  799 root     20   0   0% S     1      0K      0K  fg msm_thermal:the
  802 root     RT   0   0% S     1      0K      0K  fg irq/159-arm-smm
  818 root     RT   0   0% S     1      0K      0K  fg irq/110-arm-smm
  830 root     20   0   0% S     1      0K      0K  fg dhd_watchdog_th
  833 root     20   0   0% S     1      0K      0K  fg dhd_rpm_state_t
  840 root     RT   0   0% S     1      0K      0K  fg irq/160-arm-smm
  854 jack      1 -19   0% S     2   8092K   2284K  fg androidshmservice
  866 sensors  20   0   0% S     8  21352K   2060K  fg /system/bin/sensors.qcom
  868 shell    20   0   0% S     6  47684K   2216K  fg /sbin/adbd
  871 nobody   20   0   0% S     1   9944K   2960K  fg /system/bin/msm_irqbalance
  892 system   20   0   0% S     4  12408K    304K  fg /system/bin/mcDriverDaemon
  898 system   20   0   0% S     9  25400K   3136K  fg /system/bin/factory.adsp
  918 net_admi 20   0   0% S     4  17696K   2716K  fg /system/bin/ipacm
  944 radio    20   0   0% S    41  64644K   5252K  fg /system/bin/netmgrd
  949 root      0 -20   0% S     1      0K      0K  fg kworker/6:1H
  954 root     20   0   0% D     1      0K      0K  fg tee_irq_bh
  955 root     20   0   0% D     1      0K      0K  fg tee_scheduler
  965 root     20   0   0% S     3  12688K   1144K  fg daemonsu:master
 1011 root     20   0   0% S     1      0K      0K  fg tee_tui
 1074 root      0 -20   0% S     1      0K      0K  fg wdsp_glink_wq
 1080 root     RT   0   0% S     1      0K      0K  fg irq/139-arm-smm
 1081 root     RT   0   0% S     1      0K      0K  fg irq/144-arm-smm
 1120 root      0 -20   0% S     1      0K      0K  fg mpss_IPCRTR
 1137 root      0 -20   0% S     1      0K      0K  fg qmi_hndl0000000
 1185 root     20   0   0% S     1      0K      0K  fg kworker/u16:9
 1198 root      0 -20   0% S     1      0K      0K  fg qmi_hndl0000000
 1346 root     20   0   0% S     1      0K      0K  fg kworker/u16:10
 1349 radio    20   0   0% S    47  86312K   7988K  fg /system/bin/rild
 1358 gps      20   0   0% S     6  22212K   4416K  fg lowi-server
 1452 system   20   0   0% S   253 2777140K 294420K  fg system_server
 1564 root      0 -20   0% S     1      0K      0K  fg ipawq48
 1565 root      0 -20   0% S     1      0K      0K  fg iparepwq48
 1736 root     20   0   0% S     1      0K      0K  fg kworker/u16:12
 1746 root      0 -20   0% S     1      0K      0K  fg kworker/7:1H
 1840 system   20   0   0% S     2  16900K   4476K  fg /system/bin/tlc_server
 1841 system   20   0   0% S     2  16900K   4412K  fg /system/bin/tlc_server
 1887 system   20   0   0% S     2  14592K   3104K  fg /system/bin/otp_server
 2016 bluetoot 20   0   0% S    31 1246268K  79392K  fg com.android.bluetooth
 2021 media_rw 20   0   0% S     1   9600K   1692K  fg /system/bin/sdcard
 2030 root     20   0   0% S     1      0K      0K  fg pkgld
 2031 root     20   0   0% S     1      0K      0K  fg pkgld
 2032 root     20   0   0% S     1      0K      0K  fg pkgld
 2177 u0_a6    20   0   0% S    12 2421916K 116616K  fg com.android.systemui:InfinityWallpaper
 2198 nsflp    20   0   0% S    12 1804600K  88616K  fg com.sec.location.nsflp2
 2239 system   20   0   0% S    13 1827576K  76624K  fg com.sec.vsimservice
 2252 system   20   0   0% S    10 1798720K  72376K  fg com.sec.sve
 2267 nfc      20   0   0% S    26 1832160K  99912K  fg com.android.nfc
 2281 system   20   0   0% S    27 1871188K 109912K  fg com.sec.imsservice
 2297 radio    20   0   0% S    32 1877708K 120928K  fg com.android.phone
 2311 system   20   0   0% S    13 1806052K  76764K  fg com.sec.epdg
 2387 root      0 -20   0% S     1      0K      0K  fg dhd_eventd
 2392 wifi     20   0   0% S     1  16348K   6700K  fg /system/bin/wpa_supplicant
 2643 radio    20   0   0% S    12 1799484K  70216K  fg com.sec.phone
 2700 u0_a28   20   0   0% S    11 1804208K  78588K  fg com.google.android.ext.services
 2705 system   20   0   0% S     1   8896K   2556K  fg /system/bin/iod
 2724 root     20   0   0% S     3  23180K   5796K  fg /system/bin/iop
 2769 radio    20   0   0% S    11 1807684K  79208K  fg com.sec.imslogger
 2839 system   20   0   0% S    13 1804728K  79744K  fg com.sec.downloadablekeystore
 2979 root     RT   0   0% S     1      0K      0K  fg irq/22-1008000.
 3164 root     20   0   0% S     1      0K      0K  fg wrkld_notify
 3175 u0_a8    20   0   0% S    17 2344260K  94236K  bg android.process.acore
 3230 u0_a6    20   0   0% S    17 2418900K 146516K  fg com.samsung.android.app.aodservice
 3274 u0_a95   20   0   0% S    11 2373684K  80000K  fg com.google.android.googlequicksearchbox:interactor
 3293 u0_a46   20   0   0% S    10 1798184K  67572K  fg com.sec.vsim.ericssonnsds.webapp
 3308 u0_a12   20   0   0% S    14 1805528K  91892K  fg com.samsung.android.providers.context
 3321 radio    20   0   0% S    10 1797340K  70060K  fg com.qualcomm.qti.rcsbootstraputil
 3327 u0_a101  20   0   0% S    16 1233388K  73816K  fg com.synchronoss.dcs.att.r2g
 3350 system   20   0   0% S    16 1806972K  73124K  fg .dataservices
 3362 system   20   0   0% S    13 1800328K  73868K  fg com.qualcomm.qti.services.secureui:sui_service
 3614 u0_a87   20   0   0% S    38 2530036K 197496K  fg com.sec.android.app.launcher
 3866 u0_a17   20   0   0% S    31 1871184K 140352K  bg com.samsung.android.app.spage
 4151 u0_a174  20   0   0% S    19 2441216K 122068K  bg com.sec.android.inputmethod
 4283 u0_a45   20   0   0% S    20 1822236K 103024K  bg android.process.media
 4379 u0_a15   20   0   0% S    15 2418652K 153220K  fg com.samsung.android.app.cocktailbarservice
 4400 u0_a15   20   0   0% S    11 2329504K  80844K  fg com.samsung.android.app.cocktailbarservice:edgelighting
 4415 u0_a49   20   0   0% S    17 2369092K 111488K  fg com.samsung.android.service.peoplestripe
 4876 root     20   0   0% S     1  12688K   1000K  fg daemonsu:10188
 5081 u0_a206  20   0   0% S    30 1244224K  81668K  bg com.att.myWireless:ZdaService
 5337 u0_a43   20   0   0% S    11 1798360K  69512K  bg com.android.managedprovisioning
 6109 u0_a205  20   0   0% S    14 1804264K  75620K  bg com.matchboxmobile.wisp
 6578 bcmgr    20   0   0% S    14 1802328K  80832K  fg com.samsung.android.beaconmanager
 7778 system   20   0   0% S    11 1798376K  71616K  bg com.sec.android.app.servicemodeapp
 7893 u0_a53   20   0   0% S    13 1812508K  78808K  bg com.sec.android.app.sns3
 8972 u0_a40   20   0   0% S    11 1798364K  75244K  bg com.samsung.klmsagent
 9606 root      0 -20   0% S     1      0K      0K  fg intr_syncd
11257 u0_a26   20   0   0% S    55 1930832K 160100K  fg com.google.android.gms.persistent
11362 u0_a26   20   0   0% S    44 2124608K 163280K  bg com.google.android.gms
11857 u0_a207  20   0   0% S    38 1831908K  99028K  bg com.directv.dvrscheduler
16394 u0_a73   20   0   0% S    10 1805636K  71732K  bg com.samsung.knox.securefolder
16453 system   20   0   0% S    11 2330600K  77060K  bg com.samsung.android.SettingsReceiver
16565 u0_a95   20   0   0% S    26 2460164K 118956K  bg com.google.android.googlequicksearchbox:search
16616 root      0 -20   0% S     1      0K      0K  fg kworker/u17:1
16617 root     RT   0   0% S     1      0K      0K  fg irq/145-arm-smm
16618 root     RT   0   0% S     1      0K      0K  fg irq/146-arm-smm
17204 system   20   0   0% S    11 1800596K  75256K  bg com.wssnps
18214 system   20   0   0% S    12 1805048K  89664K  bg com.samsung.android.securitylogagent
18231 system   20   0   0% S    12 1809000K  88164K  bg com.samsung.android.lool
18356 u0_a85   20   0   0% S    11 1798696K  75248K  bg com.sec.app.TransmitPowerService
18730 u0_a26   20   0   0% S    15 1806860K  84700K  bg com.google.process.gapps
18834 root     20   0   0% S     1      0K      0K  fg kworker/0:4
19489 u0_a217  20   0   0% S    23 1255876K 103080K  bg com.rhmsoft.fm.hd:service
20062 root     20   0   0% S     1      0K      0K  fg kworker/u16:24
20168 u0_a190  20   0   0% S    13 1809404K  98772K  bg com.sec.android.daemonapp
21528 root     20   0   0% S     1  13720K   1224K  fg daemonsu:0
21884 system   20   0   0% S     5  14036K   2112K  fg diag_mdlog
23249 u0_a6    20   0   0% S    43 2542304K 241224K  fg com.android.systemui
25301 root     20   0   0% S     1      0K      0K  fg kworker/3:0
25353 root     20   0   0% S     1      0K      0K  fg kworker/6:1
25367 root     20   0   0% S     1      0K      0K  fg kworker/u16:5
25387 root     20   0   0% S     1      0K      0K  fg kworker/0:3
25505 root     20   0   0% S     1      0K      0K  fg kworker/u16:23
25721 root     20   0   0% S     1      0K      0K  fg kworker/0:0
26063 root      0 -20   0% S     1      0K      0K  fg kworker/u17:0
26472 root     20   0   0% S     1      0K      0K  fg kworker/6:2
26544 root     20   0   0% S     1      0K      0K  fg kworker/u16:22
26557 root     20   0   0% S     1      0K      0K  fg kworker/1:0
26590 u0_a133  20   0   0% S    12 1808484K  89164K  bg com.enhance.gameservice
26833 u0_a8    20   0   0% S    12 2352056K  87344K  bg com.samsung.android.contacts
27127 root     20   0   0% S     1      0K      0K  fg kworker/4:3
27143 u0_a44   20   0   0% S    12 1805636K  82424K  bg com.samsung.android.mateagent:service
27202 u0_a44   20   0   0% S    13 1806952K  86600K  bg com.samsung.android.mateagent
27228 u0_a188  20   0   0% S    11 1800260K  74196K  bg eu.chainfire.supersu
27252 system   20   0   0% S    13 1804096K  86108K  bg com.samsung.InputEventApp
27286 system   20   0   0% S    11 1798092K  72772K  bg service.odtcfactory.sec.com.odtcfactoryservice
27309 u0_a164  20   0   0% S    11 1276120K  89084K  bg com.android.chrome
27342 samsungc 20   0   0% S    12 1816500K  86724K  bg com.samsung.android.scloud:contentsync
27370 smds     20   0   0% S    11 1798740K  80268K  bg com.samsung.android.sm.devicesecurity
27536 root     20   0   0% S     1      0K      0K  fg kworker/2:4
27556 root     20   0   0% S     1      0K      0K  fg kworker/1:4
27581 system   20   0   0% S    13 1800164K  74004K  bg com.qualcomm.telephony
27600 system   20   0   0% S    11 1798364K  75136K  bg com.samsung.android.bio.face.service
27617 system   20   0   0% S    13 1803020K  85652K  bg com.ws.dm
27690 root     20   0   0% S     1      0K      0K  fg kworker/u16:11
27701 root     20   0   0% S     1      0K      0K  fg kworker/2:2
27725 root     20   0   0% S     1      0K      0K  fg kworker/5:1
27793 root     20   0   0% S     1      0K      0K  fg kworker/7:2
27834 root     20   0   0% S     1      0K      0K  fg kworker/2:0
27844 root     20   0   0% S     1      0K      0K  fg kworker/1:1
27861 root     20   0   0% S     1      0K      0K  fg kworker/5:3
27867 root     20   0   0% S     1      0K      0K  fg kworker/3:1
27868 root     20   0   0% S     1      0K      0K  fg kworker/4:0
27883 system   20   0   0% S    18 1854020K 119212K  fg com.samsung.android.MtpApplication
27952 root     20   0   0% S     1      0K      0K  fg kworker/u16:15
27994 shell    20   0   0% S     1  10084K   4472K  fg top
28021 root     RT   0   0% D     1      0K      0K  fg mdss_fb0
28062 root     20   0   0% S     1      0K      0K  fg kworker/2:3
28068 root     20   0   0% S     1      0K      0K  fg kworker/7:1
28084 root     20   0   0% S     1      0K      0K  fg kworker/0:5
28094 root      0 -20   0% S     1      0K      0K  fg kworker/0:2H
28097 root     20   0   0% S     1      0K      0K  fg kworker/3:3
28104 root     20   0   0% S     1      0K      0K  fg kworker/1:2
28113 root     20   0   0% S     1      0K      0K  fg kworker/5:2
28163 root     20   0   0% S     1      0K      0K  fg kworker/3:2
28165 root     20   0   0% S     1      0K      0K  fg kworker/7:0
28166 root     20   0   0% S     1      0K      0K  fg kworker/7:3
28180 root     20   0   0% S     1      0K      0K  fg kworker/2:1
28183 root     20   0   0% S     1      0K      0K  fg kworker/0:2
28197 root     20   0   0% S     1      0K      0K  fg kworker/1:3
28219 shell    20   0   0% S     1   8492K   2896K  fg /system/bin/sh
  260 root      0 -20   0% S     1      0K      0K  fg DIAG_GLINK_DIAG
-------- Tue Apr 3 05:26:54 GMT 2018 --------
---- /proc/schedstat
version 15
timestamp 4295898104
cpu0 150861 0 9272646 2458848 6518094 2410216 2457355681261 1891420989770 6496211
domain0 0f 12009 11976 7 33112 33 12 0 11976 3669 3383 233 306565 97 0 0 3383 75647 41416 27289 7161541 6942 2157 179 41237 0 0 0 0 0 0 0 0 0 180474 0 0
domain1 ff 10519 10494 22 13140 3 1 0 539 12336 12326 8 24165 12 0 0 2350 67608 63571 3964 2228405 73 36 4 63567 0 0 0 0 0 0 0 0 0 7115 0 0
cpu1 152374 0 7486598 2106137 3983921 955860 1861550861477 1329073325100 5099139
domain0 0f 20625 20490 19 44212 124 49 0 20490 1882 1525 232 303367 206 0 0 1525 61293 10080 31766 10417978 19447 7948 139 9941 0 0 0 0 0 0 0 0 0 168353 0 0
domain1 ff 19333 19234 97 58277 4 0 0 1834 13907 13907 0 0 0 0 0 0 41210 38266 2845 1726613 99 59 1 38265 0 0 0 0 0 0 0 0 0 4670 0 0
cpu2 113859 0 5304629 1432535 3561137 655500 1241946718117 921290940527 3657376
domain0 0f 8350 8014 67 112074 282 91 0 8014 1405 1153 192 162057 82 0 0 1153 43427 4065 26487 12829263 12875 5194 62 4003 0 0 0 0 0 0 0 0 0 123870 0 0
domain1 ff 7883 7870 12 6088 2 0 0 2791 8183 8183 0 0 0 0 0 0 30068 27482 2410 1606013 176 69 3 27479 0 0 0 0 0 0 0 0 0 5239 0 0
cpu3 175917 0 4020738 1281066 1525210 476557 543369747090 212912926160 2528208
domain0 0f 8943 8582 103 399477 274 41 0 8582 667 501 139 199605 28 0 0 501 48363 10946 31950 31173813 5467 1329 64 10882 0 0 0 0 0 0 0 0 0 64875 0 0
domain1 ff 8512 8510 1 793 1 1 0 1126 2858 2858 0 0 0 0 0 0 42180 38876 3264 2809762 40 17 1 38875 0 0 0 0 0 0 0 0 0 2174 0 0
cpu4 555635 0 1669702 362040 761107 173209 343290999301 112967794653 1083814
domain0 f0 1140 1133 1 1699 7 2 0 1133 214 196 12 49780 20 0 0 196 3019 1656 1081 411076 282 106 3 1653 0 0 0 0 0 0 0 0 0 3762 0 0
domain1 ff 1065 1036 27 30809 13 12 0 1003 323 317 4 6000 2 0 0 38 2725 1701 867 690388 84 11 0 1701 23 10 13 0 0 0 0 0 0 13781 0 0
cpu5 546240 0 1823143 432969 673167 272349 324257535124 114779145993 1201798
domain0 f0 2301 2298 3 1294 0 2 0 2298 216 198 13 10142 9 0 0 198 3605 1733 1479 707187 393 125 3 1730 0 0 0 0 0 0 0 0 0 2738 0 0
domain1 ff 2189 2176 7 2817 7 7 0 1978 240 238 0 434 7 0 0 11 3198 2299 706 567469 128 24 0 2299 27 20 7 0 0 0 0 0 0 10178 0 0
cpu6 548680 0 1674872 376576 565381 232725 284869872548 100998341386 1102991
domain0 f0 767 758 2 3787 8 8 0 758 94 80 9 5621 7 0 0 80 2238 615 1237 693945 386 122 1 614 0 0 0 0 0 0 0 0 0 1987 0 0
domain1 ff 731 730 1 973 9 8 0 99 243 243 0 0 0 0 0 20 1838 1042 651 534010 68 9 0 1042 34 25 9 0 0 0 0 0 0 4292 0 0
cpu7 532322 0 1208657 225158 322968 92331 178390142814 79141751590 829079
domain0 f0 2127 2118 4 3213 5 6 0 2118 257 233 18 11682 12 0 0 233 2806 816 1440 746691 550 171 2 814 0 0 0 0 0 0 0 0 0 1942 0 0
domain1 ff 2039 2033 3 1224 17 17 0 147 366 366 0 0 0 0 0 0 2236 1536 530 441032 114 18 0 1536 35 18 17 0 0 0 0 0 0 6327 0 0
---- /proc/meminfo
MemTotal:        3314892 kB
MemFree:          181800 kB
MemAvailable:    1277548 kB
Buffers:           34924 kB
Cached:          1146884 kB
SwapCached:        74408 kB
Active:          1016284 kB
Inactive:         970452 kB
Active(anon):     384044 kB
Inactive(anon):   437304 kB
Active(file):     632240 kB
Inactive(file):   533148 kB
Unevictable:         576 kB
Mlocked:             576 kB
SwapTotal:       2097148 kB
SwapFree:        1634040 kB
Dirty:                16 kB
Writeback:             0 kB
AnonPages:        798012 kB
Mapped:           580116 kB
Shmem:             16420 kB
Slab:             208272 kB
SReclaimable:      74012 kB
SUnreclaim:       134260 kB
KernelStack:       37744 kB
PageTables:        55664 kB
NFS_Unstable:          0 kB
Bounce:                0 kB
WritebackTmp:          0 kB
CommitLimit:     3754592 kB
Committed_AS:   105100696 kB
VmallocTotal:   258867136 kB
VmallocUsed:           0 kB
VmallocChunk:          0 kB
CmaTotal:         135168 kB
CmaFree:            1332 kB
---- /proc/stat
cpu  251482 35549 297338 6864191 23905 26521 33860 0 0 0
cpu0 83699 9873 102203 705182 8138 11168 16102 0 0 0
cpu1 65474 8132 78667 754909 5674 4924 6860 0 0 0
cpu2 47741 4030 50937 818107 4565 3199 5040 0 0 0
cpu3 6308 1599 29007 888673 2664 3366 3491 0 0 0
cpu4 11234 4091 12795 914775 1007 1753 717 0 0 0
cpu5 16306 2867 9659 917942 741 876 1335 0 0 0
cpu6 13873 2773 8359 925832 628 650 203 0 0 0
cpu7 6847 2184 5711 938771 488 585 112 0 0 0
intr 17778935 0 0 0 3413731 0 555797 5 4 5 0 0 40 0 0 0 0 68680 0 0 0 3213 842 6426 0 0 0 0 0 0 1 55 0 11921 146141 806341 788429 26728 4112 202879 0 0 12 0 0 6380 0 0 0 0 0 0 89396 0 0 0 0 0 0 0 0 0 0 0 0 0 0 0 0 0 0 0 0 0 0 0 0 0 0 0 0 0 0 0 0 0 0 0 0 0 0 0 4596 0 0 0 0 0 0 0 0 0 0 0 0 0 0 0 0 254 3452 0 0 0 0 0 0 0 0 0 0 0 0 0 0 0 0 0 0 0 0 0 0 0 0 0 0 0 0 0 0 0 0 0 0 0 0 0 0 0 0 0 0 0 0 0 0 0 0 0 0 0 0 1 0 0 30 0 2 2 14239 25598 14480 8 81355 119397 0 0 444 0 1 118045 0 0 0 0 0 0 0 0 0 0 0 0 0 0 0 0 0 0 0 0 0 0 0 0 0 0 0 0 0 0 0 0 0 0 0 0 0 0 0 0 0 0 0 0 0 0 0 0 0 0 0 26 0 0 0 17 0 0 0 0 0 0 0 0 0 0 0 0 0 0 0 0 0 0 0 0 0 0 0 0 0 0 0 0 0 0 0 0 0 0 0 0 0 328 0 0 0 0 0 0 0 0 31 0 0 0 0 0 0 0 0 0 0 0 0 0 0 60 0 0 0 0 2231 20 0 14478 0 0 1 0 0 0 0 0 0 0 0 0 0 0 0 0 0 0 0 0 0 0 0 0 0 0 0 0 118041 17184 13 4863 239 246 6293 51 0 45620 92406 5 0 0 8 0 3 37 9 9 9 9 0 1 0 0 4 0 1 9 0 0 0 0 0 0 0 5 0 0 0 0 0 0 0 0 0 0 0 0 0 0 0 0 0 0 0 0 0 0 0 0 0 0 0 0 0 0 0 0 0 0 0 0 0 0 0 0 0 0 0 0 0 0 0 0 0 0 0 0 0 0 0 0 0 0 0 0 0 0 0 0 0 0 0 0 0 0 0 0 0 0 0 0 0 0 0 0 0 0 0 0 0 0 0 0 0 0 0 0 0 0 0 0 0 0 0 0 0 0 0 0 0 0 0 0 0 0 0 0 0 0 0 0 0 0 0 0 0 0 0 0 0 0 0 0 0 0 0 0 0 0 0 0 0 0 0 0 0 0 0 0 0 22 0 0 3403 0 0 1 1 0 0 0 0 0 0 0 0 0 0 0 0 0 0 0 0 0 0 0 0 0 0 0 0 0 0 0 0 0 0 1 1 0 0 0 0 0 0 0 0 0 0 0 0 0 0 0 0 0 0 0 0 0 0 0 0 0 0 0 0 0 0 1 1 0 0 0 0 0 0 0 0 0 0 0 0 0 0 0 0 0 0 0 0 0 0 0 0 0 0 0 0 0 0 0 0 0 0 0 0 0 0 0 0 0 0 0 0 0 0 0 0 0 0 0 0 0 0 0 0 0 0 0 0 0 0 0 0 0 0 0 0 0 0 0 0 0 0 0 0 0 0 0 0 0 0 0 0 0 0 0 0 0 0 0 0 0 0 0 0 0 0 0 0 0 0 0 0 0 0 0 0 0 0 0 0 0 0 0 0 0 0 0 0 0 0 0 0 0 76951 0 0 2 11 0 17 0 0 0 0 0 0 0 0 0 0 0 0 0 0 0 0 0 0 0 0 0 0 0 0 0 0 0 0 0 0 0
ctxt 30641166
btime 1522694715
processes 28221
procs_running 2
procs_blocked 0
softirq 5813406 1800546 1019374 16643 22407 178710 11095 167340 1010788 0 1586503
---- top
User 1%, System 10%, IOW 0%, IRQ 0%
User 1 + Nice 0 + Sys 6 + Idle 49 + IOW 0 + IRQ 0 + SIRQ 0 = 56

  PID USER     PR  NI CPU% S  #THR     VSS     RSS PCY Name
28224 shell    20   0  10% R     1  10084K   4500K  fg top
    2 root     20   0   0% S     1      0K      0K  fg kthreadd
    3 root     20   0   0% S     1      0K      0K  fg ksoftirqd/0
    6 root     20   0   0% S     1      0K      0K  fg kworker/u16:0
    7 root     20   0   0% S     1      0K      0K  fg rcu_preempt
    8 root     20   0   0% S     1      0K      0K  fg rcu_sched
    9 root     20   0   0% S     1      0K      0K  fg rcu_bh
   10 root     RT   0   0% S     1      0K      0K  fg migration/0
   11 root     RT   0   0% S     1      0K      0K  fg migration/1
   12 root     20   0   0% S     1      0K      0K  fg ksoftirqd/1
   14 root      0 -20   0% S     1      0K      0K  fg kworker/1:0H
   15 root     RT   0   0% S     1      0K      0K  fg migration/2
   16 root     20   0   0% S     1      0K      0K  fg ksoftirqd/2
   18 root      0 -20   0% S     1      0K      0K  fg kworker/2:0H
   19 root     RT   0   0% S     1      0K      0K  fg migration/3
   20 root     20   0   0% S     1      0K      0K  fg ksoftirqd/3
   22 root      0 -20   0% S     1      0K      0K  fg kworker/3:0H
   23 root     RT   0   0% S     1      0K      0K  fg migration/4
   24 root     20   0   0% S     1      0K      0K  fg ksoftirqd/4
   26 root      0 -20   0% S     1      0K      0K  fg kworker/4:0H
   27 root     RT   0   0% S     1      0K      0K  fg migration/5
   28 root     20   0   0% S     1      0K      0K  fg ksoftirqd/5
   29 root     20   0   0% D     1      0K      0K  fg kworker/5:0
   30 root      0 -20   0% S     1      0K      0K  fg kworker/5:0H
   31 root     RT   0   0% S     1      0K      0K  fg migration/6
   32 root     20   0   0% S     1      0K      0K  fg ksoftirqd/6
   34 root      0 -20   0% S     1      0K      0K  fg kworker/6:0H
   35 root     RT   0   0% S     1      0K      0K  fg migration/7
   36 root     20   0   0% S     1      0K      0K  fg ksoftirqd/7
   38 root      0 -20   0% S     1      0K      0K  fg kworker/7:0H
   39 root      0 -20   0% S     1      0K      0K  fg netns
   40 root      0 -20   0% S     1      0K      0K  fg perf
   41 root      0 -20   0% S     1      0K      0K  fg smd_channel_clo
   42 root     20   0   0% S     1      0K      0K  fg dsps_smd_trans_
   43 root     20   0   0% S     1      0K      0K  fg lpass_smd_trans
   44 root     20   0   0% S     1      0K      0K  fg mpss_smd_trans_
   45 root     20   0   0% S     1      0K      0K  fg wcnss_smd_trans
   46 root     20   0   0% S     1      0K      0K  fg rpm_smd_trans_g
   47 root      0 -20   0% S     1      0K      0K  fg ipa_usb_wq
   48 root     20   0   0% D     1      0K      0K  fg kworker/0:1
   49 root     20   0   0% S     1      0K      0K  fg smem_native_mps
   50 root     20   0   0% S     1      0K      0K  fg mpss_smem_glink
   51 root     20   0   0% S     1      0K      0K  fg smem_native_lpa
   52 root     -2   0   0% S     1      0K      0K  fg lpass_smem_glin
   53 root     20   0   0% S     1      0K      0K  fg smem_native_dsp
   54 root     20   0   0% S     1      0K      0K  fg dsps_smem_glink
   55 root     20   0   0% S     1      0K      0K  fg smem_native_rpm
   56 root     20   0   0% S     1      0K      0K  fg rpm_smem_glink_
   57 root     RT   0   0% S     1      0K      0K  fg msm_watchdog
   58 root      0 -20   0% S     1      0K      0K  fg deferwq
   59 root     20   0   0% D     1      0K      0K  fg kworker/u16:1
   60 root     RT   0   0% S     1      0K      0K  fg irq/108-cpr3
   61 root      0 -20   0% S     1      0K      0K  fg mpm
   63 root     20   0   0% S     1      0K      0K  fg kworker/u16:2
   64 root      0 -20   0% S     1      0K      0K  fg writeback
   65 root     20   0   0% S     1      0K      0K  fg kcompactd0
   66 root      0 -20   0% S     1      0K      0K  fg crypto
   67 root      0 -20   0% S     1      0K      0K  fg bioset
   68 root      0 -20   0% S     1      0K      0K  fg kblockd
   70 root     RT   0   0% S     1      0K      0K  fg irq/352-sm5720-
   71 root     20   0   0% S     1      0K      0K  fg system
   72 root     20   0   0% S     1      0K      0K  fg qsecom
   73 root     20   0   0% S     1      0K      0K  fg camera_preview
   74 root      0 -20   0% S     1      0K      0K  fg devfreq_wq
   75 root      0 -20   0% S     1      0K      0K  fg governor_msm_ad
   76 root      0 -20   0% S     1      0K      0K  fg cfg80211
   77 root     RT   0   0% S     1      0K      0K  fg irq/116-arm-smm
   78 root      0 -20   0% S     1      0K      0K  fg ipa_power_mgmt
   79 root      0 -20   0% S     1      0K      0K  fg transport_power
   80 root      0 -20   0% S     1      0K      0K  fg ipa_rm_wq
   81 root      0 -20   0% S     1      0K      0K  fg ipa_interrupt_w
   82 root     RT   0   0% S     1      0K      0K  fg irq/117-arm-smm
   83 root     RT   0   0% S     1      0K      0K  fg irq/118-arm-smm
   98 root      0 -20   0% S     1      0K      0K  fg power_off_alarm
   99 root     20   0   0% S     1      0K      0K  fg kswapd0
  100 root      0 -20   0% S     1      0K      0K  fg vmstat
  101 root     20   0   0% S     1      0K      0K  fg fsnotify_mark
  102 root     20   0   0% S     1      0K      0K  fg ecryptfs-kthrea
  135 root      0 -20   0% S     1      0K      0K  fg ad_calc_wq
  136 root     RT   0   0% D     1      0K      0K  fg mdss_dsi_event
  137 root      0 -20   0% S     1      0K      0K  fg reac_copr_wq
  138 root      0 -20   0% S     1      0K      0K  fg mdss_dsi_dba
  139 root     20   0   0% D     1      0K      0K  fg mdss_dp_event
  140 root      0 -20   0% S     1      0K      0K  fg mdss_dp_hpd
  141 root     RT   0   0% S     1      0K      0K  fg irq/518-esd_rec
  142 root      0 -20   0% S     1      0K      0K  fg cwb_wq
  143 root     -6   0   0% S     1      0K      0K  fg vsync_retire_wo
  144 root      0 -20   0% S     1      0K      0K  fg hdcp_1x_1
  145 root     20   0   0% S     1      0K      0K  fg hdcp_tz_lib
  146 root     20   0   0% S     1      0K      0K  fg dp_hdcp2p2
  147 root      0 -20   0% S     1      0K      0K  fg cwb_wq
  148 root      0 -20   0% S     1      0K      0K  fg cwb_wq
  150 root      0 -20   0% S     1      0K      0K  fg glink_ssr_wq
  151 root      0 -20   0% S     1      0K      0K  fg glink_lbsrv
  152 root     20   0   0% S     1      0K      0K  fg spi_wdsp
  153 root     -2   0   0% S     1      0K      0K  fg wdsp_spi_glink_
  154 root      0 -20   0% S     1      0K      0K  fg glink_xprt_wq
  155 root      0 -20   0% S     1      0K      0K  fg IPCRTR_mpss_sme
  156 root      0 -20   0% S     1      0K      0K  fg IPCRTR_lpass_sm
  157 root      0 -20   0% S     1      0K      0K  fg IPCRTR_dsps_sme
  158 root      0 -20   0% S     1      0K      0K  fg apr_driver
  159 root      0 -20   0% S     1      0K      0K  fg glink_pkt_wq
  160 root      0 -20   0% S     1      0K      0K  fg mem_share_svc
  161 root      0 -20   0% S     1      0K      0K  fg qmi_hndl0000000
  162 root      0 -20   0% S     1      0K      0K  fg msm_ipc_router
  163 root      0 -20   0% S     1      0K      0K  fg k_hsuart
  164 root     20   0   0% S     1      0K      0K  fg msm_serial_hs_1
  165 root     20   0   0% S     1      0K      0K  fg msm_serial_hs_1
  166 root      0 -20   0% S     1      0K      0K  fg k_hsuart
  167 root     20   0   0% S     1      0K      0K  fg msm_serial_hs_0
  168 root     20   0   0% S     1      0K      0K  fg msm_serial_hs_0
  169 root      0 -20   0% S     1      0K      0K  fg k_hsuart
  170 root     20   0   0% S     1      0K      0K  fg msm_serial_hs_8
  171 root     20   0   0% S     1      0K      0K  fg msm_serial_hs_8
  172 root     20   0   0% S     1      0K      0K  fg hwrng
  174 root      0 -20   0% S     1      0K      0K  fg diag_real_time_
  175 root      0 -20   0% S     1      0K      0K  fg diag_wq
  176 root      0 -20   0% S     1      0K      0K  fg DIAG_USB_diag
  177 root      0 -20   0% S     1      0K      0K  fg diag_cntl_wq
  178 root      0 -20   0% S     1      0K      0K  fg diag_dci_wq
  179 root      0 -20   0% S     1      0K      0K  fg DIAG_SMD_MODEM_
  180 root      0 -20   0% S     1      0K      0K  fg DIAG_SMD_MODEM_
  181 root      0 -20   0% S     1      0K      0K  fg DIAG_SMD_MODEM_
  182 root      0 -20   0% S     1      0K      0K  fg DIAG_SMD_MODEM_
  183 root      0 -20   0% S     1      0K      0K  fg DIAG_SMD_MODEM_
  184 root      0 -20   0% S     1      0K      0K  fg DIAG_SMD_LPASS_
  185 root      0 -20   0% S     1      0K      0K  fg DIAG_SMD_LPASS_
  186 root      0 -20   0% S     1      0K      0K  fg DIAG_SMD_LPASS_
  187 root      0 -20   0% S     1      0K      0K  fg DIAG_SMD_LPASS_
  188 root      0 -20   0% S     1      0K      0K  fg DIAG_SMD_LPASS_
  189 root      0 -20   0% S     1      0K      0K  fg DIAG_SMD_WCNSS_
  190 root      0 -20   0% S     1      0K      0K  fg DIAG_SMD_WCNSS_
  191 root      0 -20   0% S     1      0K      0K  fg DIAG_SMD_WCNSS_
  192 root      0 -20   0% S     1      0K      0K  fg DIAG_SMD_WCNSS_
  193 root      0 -20   0% S     1      0K      0K  fg DIAG_SMD_WCNSS_
  194 root      0 -20   0% S     1      0K      0K  fg DIAG_SMD_SENSOR
  195 root      0 -20   0% S     1      0K      0K  fg DIAG_SMD_SENSOR
  196 root      0 -20   0% S     1      0K      0K  fg DIAG_SMD_SENSOR
  197 root      0 -20   0% S     1      0K      0K  fg DIAG_SMD_SENSOR
  198 root      0 -20   0% S     1      0K      0K  fg DIAG_SMD_SENSOR
  199 root      0 -20   0% S     1      0K      0K  fg DIAG_SMD_DIAG_C
  200 root      0 -20   0% S     1      0K      0K  fg DIAG_SMD_DIAG_D
  201 root      0 -20   0% S     1      0K      0K  fg DIAG_SMD_DIAG_C
  202 root      0 -20   0% S     1      0K      0K  fg DIAG_SMD_DIAG_D
  203 root      0 -20   0% S     1      0K      0K  fg DIAG_SMD_DIAG_D
  204 root      0 -20   0% S     1      0K      0K  fg DIAG_SOCKMODEM_
  205 root      0 -20   0% S     1      0K      0K  fg DIAG_SOCKMODEM_
  206 root      0 -20   0% S     1      0K      0K  fg DIAG_SOCKMODEM_
  207 root      0 -20   0% S     1      0K      0K  fg DIAG_SOCKMODEM_
  208 root      0 -20   0% S     1      0K      0K  fg DIAG_SOCKMODEM_
  209 root      0 -20   0% S     1      0K      0K  fg DIAG_SOCKLPASS_
  210 root      0 -20   0% S     1      0K      0K  fg DIAG_SOCKLPASS_
  211 root      0 -20   0% S     1      0K      0K  fg DIAG_SOCKLPASS_
  212 root      0 -20   0% S     1      0K      0K  fg DIAG_SOCKLPASS_
  213 root      0 -20   0% S     1      0K      0K  fg DIAG_SOCKLPASS_
  214 root      0 -20   0% S     1      0K      0K  fg DIAG_SOCKWCNSS_
  215 root      0 -20   0% S     1      0K      0K  fg DIAG_SOCKWCNSS_
  216 root      0 -20   0% S     1      0K      0K  fg DIAG_SOCKWCNSS_
  217 root      0 -20   0% S     1      0K      0K  fg DIAG_SOCKWCNSS_
  218 root      0 -20   0% S     1      0K      0K  fg DIAG_SOCKWCNSS_
  219 root      0 -20   0% S     1      0K      0K  fg DIAG_SOCKSENSOR
  220 root      0 -20   0% S     1      0K      0K  fg DIAG_SOCKSENSOR
  221 root      0 -20   0% S     1      0K      0K  fg DIAG_SOCKSENSOR
  222 root      0 -20   0% S     1      0K      0K  fg DIAG_SOCKSENSOR
  223 root      0 -20   0% S     1      0K      0K  fg DIAG_SOCKSENSOR
  224 root      0 -20   0% S     1      0K      0K  fg DIAG_SOCKDIAG_C
  225 root      0 -20   0% S     1      0K      0K  fg DIAG_SOCKDIAG_D
  226 root      0 -20   0% S     1      0K      0K  fg DIAG_SOCKDIAG_C
  227 root      0 -20   0% S     1      0K      0K  fg DIAG_SOCKDIAG_D
  228 root      0 -20   0% S     1      0K      0K  fg DIAG_SOCKDIAG_D
  229 root      0 -20   0% S     1      0K      0K  fg DIAG_CNTL_SOCKE
  230 root      0 -20   0% S     1      0K      0K  fg DIAG_GLINK_DIAG
  231 root      0 -20   0% S     1      0K      0K  fg DIAG_GLINK_DIAG
  232 root      0 -20   0% S     1      0K      0K  fg DIAG_CTRL
  233 root      0 -20   0% S     1      0K      0K  fg DIAG_GLINK_DIAG
  234 root     20   0   0% S     1      0K      0K  fg kworker/u16:3
  235 root      0 -20   0% S     1      0K      0K  fg DIAG_DATA
  236 root      0 -20   0% S     1      0K      0K  fg DIAG_GLINK_DIAG
  237 root      0 -20   0% S     1      0K      0K  fg DIAG_CMD
  238 root      0 -20   0% S     1      0K      0K  fg DIAG_GLINK_DIAG
  239 root      0 -20   0% S     1      0K      0K  fg DIAG_DCI_DATA
  240 root      0 -20   0% S     1      0K      0K  fg DIAG_GLINK_DIAG
  241 root      0 -20   0% S     1      0K      0K  fg DIAG_DCI_CMD
  242 root      0 -20   0% S     1      0K      0K  fg DIAG_GLINK_DIAG
  243 root     20   0   0% S     1      0K      0K  fg kworker/u16:4
  244 root      0 -20   0% S     1      0K      0K  fg DIAG_GLINK_DIAG
  246 root      0 -20   0% S     1      0K      0K  fg DIAG_CTRL
  247 root      0 -20   0% S     1      0K      0K  fg DIAG_DATA
  248 root      0 -20   0% S     1      0K      0K  fg DIAG_GLINK_DIAG
  249 root      0 -20   0% S     1      0K      0K  fg DIAG_CMD
  250 root      0 -20   0% S     1      0K      0K  fg DIAG_GLINK_DIAG
  251 root      0 -20   0% S     1      0K      0K  fg DIAG_DCI_DATA
  252 root      0 -20   0% S     1      0K      0K  fg DIAG_GLINK_DIAG
  253 root      0 -20   0% S     1      0K      0K  fg DIAG_GLINK_DIAG
  254 root      0 -20   0% S     1      0K      0K  fg DIAG_DCI_CMD
  255 root      0 -20   0% S     1      0K      0K  fg DIAG_CTRL
  256 root      0 -20   0% S     1      0K      0K  fg DIAG_GLINK_DIAG
  257 root      0 -20   0% S     1      0K      0K  fg DIAG_DATA
  258 root      0 -20   0% S     1      0K      0K  fg DIAG_GLINK_DIAG
  259 root      0 -20   0% S     1      0K      0K  fg DIAG_CMD
    1 root     20   0   0% S     1  30552K   1400K  fg /init
  261 root      0 -20   0% S     1      0K      0K  fg DIAG_DCI_DATA
  262 root      0 -20   0% S     1      0K      0K  fg DIAG_GLINK_DIAG
  263 root      0 -20   0% S     1      0K      0K  fg DIAG_DCI_CMD
  264 root      0 -20   0% S     1      0K      0K  fg DIAG_GLINK_DIAG
  265 root      0 -20   0% S     1      0K      0K  fg DIAG_CTRL
  266 root      0 -20   0% S     1      0K      0K  fg DIAG_GLINK_DIAG
  267 root      0 -20   0% S     1      0K      0K  fg DIAG_DATA
  268 root      0 -20   0% S     1      0K      0K  fg DIAG_GLINK_DIAG
  269 root      0 -20   0% S     1      0K      0K  fg DIAG_CMD
  270 root      0 -20   0% S     1      0K      0K  fg DIAG_GLINK_DIAG
  271 root      0 -20   0% S     1      0K      0K  fg DIAG_DCI_DATA
  272 root      0 -20   0% S     1      0K      0K  fg DIAG_GLINK_DIAG
  273 root      0 -20   0% S     1      0K      0K  fg DIAG_DCI_CMD
  274 root      0 -20   0% S     1      0K      0K  fg DIAG_GLINK_DIAG
  275 root      0 -20   0% S     1      0K      0K  fg DIAG_GLINK_DIAG
  276 root      0 -20   0% S     1      0K      0K  fg DIAG_GLINK_DIAG
  277 root      0 -20   0% S     1      0K      0K  fg DIAG_GLINK_DIAG
  278 root      0 -20   0% S     1      0K      0K  fg kgsl-workqueue
  279 root      0 -20   0% S     1      0K      0K  fg kgsl-mementry
  280 root      0 -20   0% S     1      0K      0K  fg kgsl-events
  281 root      0 -20   0% S     1      0K      0K  fg kgsl_devfreq_wq
  282 root      0 -20   0% S     1      0K      0K  fg bioset
  283 root      0 -20   0% S     1      0K      0K  fg bioset
  284 root      0 -20   0% S     1      0K      0K  fg bioset
  285 root      0 -20   0% S     1      0K      0K  fg bioset
  286 root      0 -20   0% S     1      0K      0K  fg bioset
  287 root      0 -20   0% S     1      0K      0K  fg bioset
  288 root      0 -20   0% S     1      0K      0K  fg bioset
  289 root      0 -20   0% S     1      0K      0K  fg bioset
  290 root      0 -20   0% S     1      0K      0K  fg bioset
  291 root      0 -20   0% S     1      0K      0K  fg bioset
  292 root      0 -20   0% S     1      0K      0K  fg bioset
  293 root      0 -20   0% S     1      0K      0K  fg bioset
  294 root      0 -20   0% S     1      0K      0K  fg bioset
  295 root      0 -20   0% S     1      0K      0K  fg bioset
  296 root      0 -20   0% S     1      0K      0K  fg bioset
  297 root      0 -20   0% S     1      0K      0K  fg bioset
  298 root      0 -20   0% S     1      0K      0K  fg bioset
  299 root      0 -20   0% S     1      0K      0K  fg bioset
  300 root      0 -20   0% S     1      0K      0K  fg bioset
  301 root      0 -20   0% S     1      0K      0K  fg bioset
  302 root      0 -20   0% S     1      0K      0K  fg bioset
  303 root      0 -20   0% S     1      0K      0K  fg bioset
  304 root      0 -20   0% S     1      0K      0K  fg bioset
  305 root      0 -20   0% S     1      0K      0K  fg bioset
  306 root      0 -20   0% S     1      0K      0K  fg qcrypto_seq_res
  307 root     20   0   0% S     1      0K      0K  fg scsi_eh_0
  308 root      0 -20   0% S     1      0K      0K  fg scsi_tmf_0
  309 root      0 -20   0% S     1      0K      0K  fg ufs_pm_qos_0
  310 root      0 -20   0% S     1      0K      0K  fg ufs_clk_ungatin
  311 root      0 -20   0% S     1      0K      0K  fg ufs_clkscaling_
  312 root     20   0   0% S     1      0K      0K  fg spi1
  313 root     20   0   0% S     1      0K      0K  fg spi2
  314 root     20   0   0% S     1      0K      0K  fg spi10
  315 root     20   0   0% S     1      0K      0K  fg spi12
  316 root      0 -20   0% S     1      0K      0K  fg bond0
  317 root      0 -20   0% S     1      0K      0K  fg sharedmem_qmi_w
  318 root      0 -20   0% S     1      0K      0K  fg qmi_hndl0000000
  322 root      0 -20   0% S     1      0K      0K  fg k_gserial
  323 root      0 -20   0% S     1      0K      0K  fg uether
  324 root      0 -20   0% S     1      0K      0K  fg k_ipa_usb
  325 root     RT   0   0% S     1      0K      0K  fg irq/303-sec_ts
  326 root      0 -20   0% S     1      0K      0K  fg msm_cci_wq
  327 root      0 -20   0% S     1      0K      0K  fg msm_cci_wq
  328 root      0 -20   0% S     1      0K      0K  fg bioset
  329 root      0 -20   0% S     1      0K      0K  fg bioset
  330 root      0 -20   0% S     1      0K      0K  fg bioset
  331 root      0 -20   0% S     1      0K      0K  fg bioset
  332 root      0 -20   0% S     1      0K      0K  fg msm_cpp_workque
  333 root      0 -20   0% S     1      0K      0K  fg bioset
  334 root      0 -20   0% S     1      0K      0K  fg bioset
  335 root      0 -20   0% S     1      0K      0K  fg bioset
  336 root     20   0   0% S     1      0K      0K  fg kworker/u16:6
  338 root      0 -20   0% S     1      0K      0K  fg msm_vidc_worker
  339 root      0 -20   0% S     1      0K      0K  fg pm_workerq_venu
  340 root     RT   0   0% S     1      0K      0K  fg irq/140-arm-smm
  341 root     RT   0   0% S     1      0K      0K  fg irq/141-arm-smm
  342 root     RT   0   0% S     1      0K      0K  fg irq/142-arm-smm
  343 root     RT   0   0% S     1      0K      0K  fg irq/143-arm-smm
  344 root      0 -20   0% S     1      0K      0K  fg rot_commitq_0_0
  345 root      0 -20   0% S     1      0K      0K  fg rot_commitq_0_1
  346 root      0 -20   0% S     1      0K      0K  fg rot_doneq_0_0
  347 root      0 -20   0% S     1      0K      0K  fg rot_doneq_0_1
  348 root     RT   0   0% S     1      0K      0K  fg irq/311-rtc6213
  349 root     20   0   0% S     1      0K      0K  fg therm_core:noti
  350 root     20   0   0% S     1      0K      0K  fg therm_core:noti
  351 root     20   0   0% S     1      0K      0K  fg therm_core:noti
  352 root     20   0   0% S     1      0K      0K  fg therm_core:noti
  353 root     20   0   0% S     1      0K      0K  fg therm_core:noti
  354 root     20   0   0% S     1      0K      0K  fg therm_core:noti
  355 root     20   0   0% S     1      0K      0K  fg therm_core:noti
  356 root     20   0   0% S     1      0K      0K  fg therm_core:noti
  357 root     20   0   0% S     1      0K      0K  fg therm_core:noti
  358 root     20   0   0% S     1      0K      0K  fg therm_core:noti
  359 root     20   0   0% S     1      0K      0K  fg therm_core:noti
  360 root     20   0   0% S     1      0K      0K  fg therm_core:noti
  361 root     20   0   0% S     1      0K      0K  fg therm_core:noti
  362 root     20   0   0% S     1      0K      0K  fg therm_core:noti
  363 root     20   0   0% S     1      0K      0K  fg therm_core:noti
  364 root     20   0   0% S     1      0K      0K  fg therm_core:noti
  365 root     20   0   0% S     1      0K      0K  fg therm_core:noti
  366 root     RT   0   0% S     1      0K      0K  fg irq/44-tsens_in
  367 root     RT   0   0% S     1      0K      0K  fg irq/45-tsens_cr
  368 root     20   0   0% S     1      0K      0K  fg therm_core:noti
  369 root     20   0   0% S     1      0K      0K  fg therm_core:noti
  370 root     20   0   0% S     1      0K      0K  fg therm_core:noti
  371 root     20   0   0% S     1      0K      0K  fg therm_core:noti
  372 root     20   0   0% S     1      0K      0K  fg therm_core:noti
  373 root     20   0   0% S     1      0K      0K  fg therm_core:noti
  374 root     20   0   0% S     1      0K      0K  fg therm_core:noti
  375 root     20   0   0% S     1      0K      0K  fg therm_core:noti
  376 root     RT   0   0% S     1      0K      0K  fg irq/46-tsens_in
  377 root     RT   0   0% S     1      0K      0K  fg irq/47-tsens_cr
  378 root     20   0   0% S     1      0K      0K  fg therm_core:noti
  379 root     RT   0   0% S     1      0K      0K  fg irq/350-limits_
  380 root     20   0   0% S     1      0K      0K  fg therm_core:noti
  381 root     RT   0   0% S     1      0K      0K  fg irq/351-limits_
  382 root      0 -20   0% S     1      0K      0K  fg dm_bufio_cache
  383 root     RT   0   0% S     1      0K      0K  fg cfinteractive
  384 root     RT   0   0% S     1      0K      0K  fg irq/37-c0a4900.
  385 root     RT   0   0% S     1      0K      0K  fg irq/36-mmc0
  386 root     RT   0   0% S     1      0K      0K  fg irq/277-c0a4900
  387 root      0 -20   0% S     1      0K      0K  fg ovr_work
  388 root      0 -20   0% S     1      0K      0K  fg bioset
  389 root     RT   0   0% S     1      0K      0K  fg irq/179-spdm_bw
  390 root     20   0   0% S     1      0K      0K  fg coagent1
  391 root      0 -20   0% S     1      0K      0K  fg binder
  392 root     RT   0   0% S     1      0K      0K  fg irq/255-jig-irq
  393 root      0 -20   0% S     1      0K      0K  fg kworker/0:1H
  394 root     20   0   0% S     1      0K      0K  fg kworker/u16:7
  395 root      0 -20   0% S     1      0K      0K  fg sm5720-charger
  397 root      0 -20   0% S     1      0K      0K  fg kworker/1:1H
  398 root      0 -20   0% S     1      0K      0K  fg mfc_workqueue
  399 root     RT   0   0% S     1      0K      0K  fg irq/522-wpd-det
  400 root     RT   0   0% S     1      0K      0K  fg irq/261-sx9320_
  401 root     RT   0   0% S     1      0K      0K  fg irq/304-hrm_sen
  402 root      0 -20   0% S     1      0K      0K  fg slpi_motor_wq
  403 root      0 -20   0% S     1      0K      0K  fg prox_wq
  404 root      0 -20   0% S     1      0K      0K  fg ss_vibrator
  405 root      0 -20   0% S     1      0K      0K  fg ccic_irq_event
  406 root     RT   0   0% S     1      0K      0K  fg irq/232-s2mm005
  407 root      0 -20   0% S     1      0K      0K  fg glink_lbsrv
  408 root      0 -20   0% S     1      0K      0K  fg vfsspi_debug_wq
  409 root     RT   0   0% S     1      0K      0K  fg irq/126-arm-smm
  410 root      0 -20   0% S     1      0K      0K  fg uaudio_svc
  411 root      0 -20   0% S     1      0K      0K  fg qmi_hndl0000000
  412 root      0 -20   0% S     1      0K      0K  fg maxdsm_wq
  413 root      0 -20   0% S     1      0K      0K  fg maxdsm_power_wq
  414 root      0 -20   0% S     1      0K      0K  fg ipv6_addrconf
  415 root     RT   0   0% S     1      0K      0K  fg irq/557-adsp
  416 root      0 -20   0% S     1      0K      0K  fg sysmon_wq
  417 root      0 -20   0% S     1      0K      0K  fg qmi_svc_event_w
  418 root     RT   0   0% S     1      0K      0K  fg irq/589-slpi
  419 root     RT   0   0% S     1      0K      0K  fg irq/525-modem
  420 root     RT   0   0% S     1      0K      0K  fg irq/39-hs_phy_i
  421 root     RT   0   0% S     1      0K      0K  fg irq/40-ss_phy_i
  422 root     RT   0   0% S     1      0K      0K  fg irq/41-msm_dwc3
  423 root     RT   0   0% S     1      0K      0K  fg irq/715-dwc3
  424 root      0 -20   0% S     1      0K      0K  fg usb_bam_wq
  425 root     RT   0   0% S     1      0K      0K  fg core_ctl/0
  426 root     RT   0   0% S     1      0K      0K  fg core_ctl/4
  429 root     20   0   0% S     1      0K      0K  fg msm_perf:events
  431 root      0 -20   0% S     1      0K      0K  fg servloc_wq
  432 root      0 -20   0% S     1      0K      0K  fg rq_stats
  433 root     RT   0   0% S     1      0K      0K  fg irq/127-arm-smm
  434 root     RT   0   0% S     1      0K      0K  fg irq/128-arm-smm
  435 root     RT   0   0% S     1      0K      0K  fg irq/129-arm-smm
  436 root     RT   0   0% S     1      0K      0K  fg irq/130-arm-smm
  437 root     RT   0   0% S     1      0K      0K  fg irq/131-arm-smm
  438 root     RT   0   0% S     1      0K      0K  fg irq/132-arm-smm
  439 root     RT   0   0% S     1      0K      0K  fg irq/133-arm-smm
  440 root     RT   0   0% S     1      0K      0K  fg irq/134-arm-smm
  441 root      0 -20   0% S     1      0K      0K  fg sb-1
  442 root     20   0   0% S     1      0K      0K  fg ngd_rx_thread1
  443 root     20   0   0% S     1      0K      0K  fg ngd_notify_sl1
  444 root      0 -20   0% S     1      0K      0K  fg usb_notify
  445 root     RT   0   0% S     1      0K      0K  fg irq/719-flip_co
  446 root     RT   0   0% S     1      0K      0K  fg irq/720-certify
  447 root     20   0   0% D     1      0K      0K  fg msm-core:sampli
  449 root     RT   0   0% S     1      0K      0K  fg irq/273-wpc-irq
  450 root     20   0   0% S     1      0K      0K  fg therm_core:noti
  451 root     20   0   0% S     1      0K      0K  fg therm_core:noti
  452 root     20   0   0% S     1      0K      0K  fg therm_core:noti
  453 root     RT   0   0% S     1      0K      0K  fg irq/49-lmh-inte
  454 root      0 -20   0% S     1      0K      0K  fg soc:battery
  456 root     20   0   0% S     1      0K      0K  fg therm_core:noti
  457 root     20   0   0% S     1      0K      0K  fg therm_core:noti
  495 root     20   0   0% S     1  11528K   1012K  fg /sbin/ueventd
  498 root     20   0   0% S     1      0K      0K  fg jbd2/sda19-8
  499 root      0 -20   0% S     1      0K      0K  fg ext4-rsv-conver
  501 root      0 -20   0% S     1      0K      0K  fg kworker/2:1H
  502 root      0 -20   0% S     1      0K      0K  fg kworker/3:1H
  503 root      0 -20   0% S     1      0K      0K  fg kworker/4:1H
  504 root     20   0   0% S     1      0K      0K  fg jbd2/sda25-8
  505 root      0 -20   0% S     1      0K      0K  fg ext4-rsv-conver
  507 root     20   0   0% S     1      0K      0K  fg jbd2/sda20-8
  508 root      0 -20   0% S     1      0K      0K  fg ext4-rsv-conver
  510 root     20   0   0% S     1      0K      0K  fg jbd2/sda23-8
  511 root      0 -20   0% S     1      0K      0K  fg ext4-rsv-conver
  514 root     20   0   0% S     1      0K      0K  fg jbd2/sda5-8
  515 root      0 -20   0% S     1      0K      0K  fg ext4-rsv-conver
  516 root     20   0   0% S     1      0K      0K  fg jbd2/sdd7-8
  517 root      0 -20   0% S     1      0K      0K  fg ext4-rsv-conver
  519 root     20   0   0% S     1      0K      0K  fg jbd2/sda6-8
  520 root      0 -20   0% S     1      0K      0K  fg ext4-rsv-conver
  522 root     20   0   0% S     1      0K      0K  fg jbd2/sda21-8
  523 root      0 -20   0% S     1      0K      0K  fg ext4-rsv-conver
  525 root     20   0   0% S     1      0K      0K  fg jbd2/sda22-8
  526 root      0 -20   0% S     1      0K      0K  fg ext4-rsv-conver
  527 logd     30  10   0% S     5  30336K  15860K  bg /system/bin/logd
  528 system   20   0   0% S     1  12856K   3548K  fg /system/bin/qseecomd
  534 system   20   0   0% S    11  25968K   2328K  fg /system/bin/qseecomd
  548 root      0 -20   0% S     1      0K      0K  fg ipawq14
  549 root      0 -20   0% S     1      0K      0K  fg iparepwq14
  550 root      0 -20   0% S     1      0K      0K  fg ipawq47
  551 root      0 -20   0% S     1      0K      0K  fg iparepwq47
  552 root      0 -20   0% S     1      0K      0K  fg ipawq13
  553 root      0 -20   0% S     1      0K      0K  fg iparepwq13
  554 root      0 -20   0% S     1      0K      0K  fg ipa_A7_svc
  555 root      0 -20   0% S     1      0K      0K  fg qmi_hndl0000000
  556 root      0 -20   0% S     1      0K      0K  fg clnt_req
  557 root      0 -20   0% S     1      0K      0K  fg clnt_resp
  558 root      0 -20   0% S     1      0K      0K  fg clnt_req
  559 root     20   0   0% S     1   6076K   2576K  fg /system/bin/debuggerd
  560 root     20   0   0% S     1  11508K   3624K  fg /system/bin/debuggerd64
  561 root     20   0   0% S     9  36732K   6504K  fg /system/bin/vold
  562 root     20   0   0% S     1  10932K     72K  fg debuggerd64:signaller
  563 root     20   0   0% S     1   5500K    124K  fg debuggerd:signaller
  569 root      0 -20   0% S     1      0K      0K  fg lpass_IPCRTR
  570 root      0 -20   0% S     1      0K      0K  fg qmi_hndl0000000
  574 root     20   0   0% S     1      0K      0K  fg msm_slim_qmi_cl
  575 root      0 -20   0% S     1      0K      0K  fg qmi_hndl0000000
  576 root     RT   0   0% S     1      0K      0K  fg irq/236-wcd9xxx
  577 root     RT   0   0% S     1      0K      0K  fg irq/135-arm-smm
  580 root      0 -20   0% S     1      0K      0K  fg dsps_IPCRTR
  581 root     20   0   0% S     1      0K      0K  fg kworker/u16:8
  582 root      0 -20   0% S     1      0K      0K  fg qmi_hndl0000000
  584 audit    20   0   0% S     1  13400K   2384K  fg /system/bin/auditd
  585 root     20   0   0% S     1      0K      0K  fg kauditd
  588 root     20   0   0% S     5  16700K   2892K  fg /system/vendor/bin/perfd
  614 root     20   0   0% S     1   6736K    440K  fg /sbin/healthd
  619 nobody   20   0   0% S     5  18468K   2780K  fg /system/bin/rmt_storage
  620 rfs      20   0   0% S     1  12152K   2808K  fg /system/bin/tftp_server
  624 system   20   0   0% S     6  20584K   3240K  fg /system/bin/pm-service
  626 root     -2   0   0% S     1   9988K   3112K  fg /system/bin/lmkd
  627 system   20   0   0% S     1  10696K   3924K  fg /system/bin/servicemanager
  628 system   12  -8   0% S    16 265192K  27704K  fg /system/bin/surfaceflinger
  629 root      0 -20   0% S     1      0K      0K  fg kworker/5:1H
  634 root      0 -20   0% S     1      0K      0K  fg f_mtp
  635 root      0 -20   0% S     1      0K      0K  fg at_usb0
  637 root      0 -20   0% S     1      0K      0K  fg at_usb1
  638 root      0 -20   0% S     1      0K      0K  fg qdss
  652 system   20   0   0% S     4  16692K   3228K  fg /system/bin/pm-proxy
  653 system   20   0   0% S     1  17120K   7044K  fg /system/bin/secure_storage_daemon
  654 system   20   0   0% S     2  10456K   1532K  fg /system/bin/wsmd
  655 system   20   0   0% S    39  57336K   5264K  fg /system/bin/sensorhubservice
  657 drm      20   0   0% S     3  26036K   8056K  fg /system/bin/drmserver
  660 jack      1 -19   0% S     2   8652K   2476K  fg /system/bin/apaservice
  661 jack      1 -19   0% S     2  24856K   7572K  fg /system/bin/jackservice
  662 system   20   0   0% S     6  12440K   1624K  fg /system/bin/ss_conn_daemon
  663 root     20   0   0% S     2  16416K   3364K  fg /system/bin/qcom-system-daemon
  666 root      0 -20   0% S    58  82168K   2788K  fg /system/vendor/bin/thermal-engine
  668 media    20   0   0% S     3  13012K   2252K  fg /system/bin/adsprpcd
  670 system   20   0   0% S     3  31712K   5532K  fg /system/bin/bintvoutservice
  672 root     20   0   0% S     5 2249344K  98960K  fg zygote64
  673 root     20   0   0% S     5 1663356K  76628K  fg zygote
  674 system   20   0   0% S     7  57548K   7148K  fg /system/bin/imsd
  675 system   20   0   0% S     2  14620K   3120K  fg /system/bin/visiond
  676 audioser 20   0   0% S    16  93200K  15548K  fg /system/bin/audioserver
  677 camerase 20   0   0% S    27 291656K  47688K  fg /system/bin/cameraserver
  678 system   20   0   0% S     5  14112K   1700K  fg /system/bin/ddexe
  679 system   20   0   0% S     2  15764K   4580K  fg /system/bin/connfwexe
  680 root     20   0   0% S     2  12248K   1688K  fg /system/bin/dmm_v2
  682 system   20   0   0% S     5  18712K   4544K  fg /system/bin/smdexe
  683 root     20   0   0% S     1  22432K   6308K  fg /system/bin/installd
  694 keystore 20   0   0% S     1  14740K   5360K  fg /system/bin/keystore
  695 mediacod 20   0   0% S     9  84624K  11364K  fg media.codec
  696 media    20   0   0% S     3  26020K   7580K  fg /system/bin/mediadrmserver
  697 mediaex  20   0   0% S     5  51648K   9472K  fg media.extractor
  698 media    20   0   0% S    12 218652K  15888K  fg /system/bin/mediaserver
  706 root     20   0   0% S    16  31988K   5704K  fg /system/bin/netd
  708 gps      20   0   0% S     2  13412K   3212K  fg /system/bin/loc_launcher
  710 system   20   0   0% S     5  21288K   3432K  fg /system/bin/ATFWD-daemon
  711 system   20   0   0% S     6  20336K   2964K  fg /system/bin/time_daemon
  712 system   20   0   0% S     3  23836K   4820K  fg /system/bin/audiod
  713 system   20   0   0% S     2  21360K   4432K  fg /system/bin/fingerprintd
  756 root     20   0   0% S     1   8576K    740K  fg daemonsu:mount:master
  792 root     RT   0   0% S     1      0K      0K  fg msm_thermal:hot
  793 system   20   0   0% S     1  13600K   4004K  fg /system/bin/faced
  794 system   20   0   0% S     1  13604K   4064K  fg /system/bin/irisd
  795 system   20   0   0% S     1  13696K   4636K  fg /system/bin/gatekeeperd
  797 root     20   0   0% S     1   9292K   2888K  fg /system/xbin/perfprofd
  798 root     RT   0   0% S     1      0K      0K  fg msm_thermal:fre
  799 root     20   0   0% S     1      0K      0K  fg msm_thermal:the
  802 root     RT   0   0% S     1      0K      0K  fg irq/159-arm-smm
  818 root     RT   0   0% S     1      0K      0K  fg irq/110-arm-smm
  830 root     20   0   0% S     1      0K      0K  fg dhd_watchdog_th
  833 root     20   0   0% S     1      0K      0K  fg dhd_rpm_state_t
  840 root     RT   0   0% S     1      0K      0K  fg irq/160-arm-smm
  854 jack      1 -19   0% S     2   8092K   2284K  fg androidshmservice
  866 sensors  20   0   0% S     8  21352K   2060K  fg /system/bin/sensors.qcom
  868 shell    20   0   0% S     6  47684K   2216K  fg /sbin/adbd
  871 nobody   20   0   0% S     1   9944K   2960K  fg /system/bin/msm_irqbalance
  892 system   20   0   0% S     4  12408K    304K  fg /system/bin/mcDriverDaemon
  898 system   20   0   0% S     9  25400K   3136K  fg /system/bin/factory.adsp
  918 net_admi 20   0   0% S     4  17696K   2716K  fg /system/bin/ipacm
  944 radio    20   0   0% S    41  64644K   5252K  fg /system/bin/netmgrd
  949 root      0 -20   0% S     1      0K      0K  fg kworker/6:1H
  954 root     20   0   0% D     1      0K      0K  fg tee_irq_bh
  955 root     20   0   0% D     1      0K      0K  fg tee_scheduler
  965 root     20   0   0% S     3  12688K   1144K  fg daemonsu:master
 1011 root     20   0   0% S     1      0K      0K  fg tee_tui
 1074 root      0 -20   0% S     1      0K      0K  fg wdsp_glink_wq
 1080 root     RT   0   0% S     1      0K      0K  fg irq/139-arm-smm
 1081 root     RT   0   0% S     1      0K      0K  fg irq/144-arm-smm
 1120 root      0 -20   0% S     1      0K      0K  fg mpss_IPCRTR
 1137 root      0 -20   0% S     1      0K      0K  fg qmi_hndl0000000
 1185 root     20   0   0% S     1      0K      0K  fg kworker/u16:9
 1198 root      0 -20   0% S     1      0K      0K  fg qmi_hndl0000000
 1346 root     20   0   0% S     1      0K      0K  fg kworker/u16:10
 1349 radio    20   0   0% S    47  86312K   7988K  fg /system/bin/rild
 1358 gps      20   0   0% S     6  22212K   4416K  fg lowi-server
 1452 system   20   0   0% S   253 2777140K 294420K  fg system_server
 1564 root      0 -20   0% S     1      0K      0K  fg ipawq48
 1565 root      0 -20   0% S     1      0K      0K  fg iparepwq48
 1736 root     20   0   0% S     1      0K      0K  fg kworker/u16:12
 1746 root      0 -20   0% S     1      0K      0K  fg kworker/7:1H
 1840 system   20   0   0% S     2  16900K   4476K  fg /system/bin/tlc_server
 1841 system   20   0   0% S     2  16900K   4412K  fg /system/bin/tlc_server
 1887 system   20   0   0% S     2  14592K   3104K  fg /system/bin/otp_server
 2016 bluetoot 20   0   0% S    31 1246268K  79392K  fg com.android.bluetooth
 2021 media_rw 20   0   0% S     1   9600K   1692K  fg /system/bin/sdcard
 2030 root     20   0   0% S     1      0K      0K  fg pkgld
 2031 root     20   0   0% S     1      0K      0K  fg pkgld
 2032 root     20   0   0% S     1      0K      0K  fg pkgld
 2177 u0_a6    20   0   0% S    12 2421916K 116616K  fg com.android.systemui:InfinityWallpaper
 2198 nsflp    20   0   0% S    12 1804600K  88616K  fg com.sec.location.nsflp2
 2239 system   20   0   0% S    13 1827576K  76624K  fg com.sec.vsimservice
 2252 system   20   0   0% S    10 1798720K  72376K  fg com.sec.sve
 2267 nfc      20   0   0% S    26 1832160K  99912K  fg com.android.nfc
 2281 system   20   0   0% S    27 1871188K 109912K  fg com.sec.imsservice
 2297 radio    20   0   0% S    32 1877708K 120928K  fg com.android.phone
 2311 system   20   0   0% S    13 1806052K  76764K  fg com.sec.epdg
 2387 root      0 -20   0% S     1      0K      0K  fg dhd_eventd
 2392 wifi     20   0   0% S     1  16348K   6700K  fg /system/bin/wpa_supplicant
 2643 radio    20   0   0% S    12 1799484K  70216K  fg com.sec.phone
 2700 u0_a28   20   0   0% S    11 1804208K  78588K  fg com.google.android.ext.services
 2705 system   20   0   0% S     1   8896K   2556K  fg /system/bin/iod
 2724 root     20   0   0% S     3  23180K   5796K  fg /system/bin/iop
 2769 radio    20   0   0% S    11 1807684K  79208K  fg com.sec.imslogger
 2839 system   20   0   0% S    13 1804728K  79744K  fg com.sec.downloadablekeystore
 2979 root     RT   0   0% S     1      0K      0K  fg irq/22-1008000.
 3164 root     20   0   0% S     1      0K      0K  fg wrkld_notify
 3175 u0_a8    20   0   0% S    17 2344260K  94236K  bg android.process.acore
 3230 u0_a6    20   0   0% S    17 2418900K 146516K  fg com.samsung.android.app.aodservice
 3274 u0_a95   20   0   0% S    11 2373684K  80000K  fg com.google.android.googlequicksearchbox:interactor
 3293 u0_a46   20   0   0% S    10 1798184K  67572K  fg com.sec.vsim.ericssonnsds.webapp
 3308 u0_a12   20   0   0% S    14 1805528K  91892K  fg com.samsung.android.providers.context
 3321 radio    20   0   0% S    10 1797340K  70060K  fg com.qualcomm.qti.rcsbootstraputil
 3327 u0_a101  20   0   0% S    16 1233388K  73816K  fg com.synchronoss.dcs.att.r2g
 3350 system   20   0   0% S    16 1806972K  73124K  fg .dataservices
 3362 system   20   0   0% S    13 1800328K  73868K  fg com.qualcomm.qti.services.secureui:sui_service
 3614 u0_a87   20   0   0% S    38 2530036K 197496K  fg com.sec.android.app.launcher
 3866 u0_a17   20   0   0% S    31 1871184K 140352K  bg com.samsung.android.app.spage
 4151 u0_a174  20   0   0% S    19 2441216K 122068K  bg com.sec.android.inputmethod
 4283 u0_a45   20   0   0% S    20 1822236K 103024K  bg android.process.media
 4379 u0_a15   20   0   0% S    15 2418652K 153220K  fg com.samsung.android.app.cocktailbarservice
 4400 u0_a15   20   0   0% S    11 2329504K  80844K  fg com.samsung.android.app.cocktailbarservice:edgelighting
 4415 u0_a49   20   0   0% S    17 2369092K 111488K  fg com.samsung.android.service.peoplestripe
 4876 root     20   0   0% S     1  12688K   1000K  fg daemonsu:10188
 5081 u0_a206  20   0   0% S    30 1244224K  81668K  bg com.att.myWireless:ZdaService
 5337 u0_a43   20   0   0% S    11 1798360K  69512K  bg com.android.managedprovisioning
 6109 u0_a205  20   0   0% S    14 1804264K  75620K  bg com.matchboxmobile.wisp
 6578 bcmgr    20   0   0% S    14 1802328K  80832K  fg com.samsung.android.beaconmanager
 7778 system   20   0   0% S    11 1798376K  71616K  bg com.sec.android.app.servicemodeapp
 7893 u0_a53   20   0   0% S    13 1812508K  78808K  bg com.sec.android.app.sns3
 8972 u0_a40   20   0   0% S    11 1798364K  75244K  bg com.samsung.klmsagent
 9606 root      0 -20   0% S     1      0K      0K  fg intr_syncd
11257 u0_a26   20   0   0% S    55 1930832K 160100K  fg com.google.android.gms.persistent
11362 u0_a26   20   0   0% S    44 2124608K 163280K  bg com.google.android.gms
11857 u0_a207  20   0   0% S    38 1831908K  99028K  bg com.directv.dvrscheduler
16394 u0_a73   20   0   0% S    10 1805636K  71732K  bg com.samsung.knox.securefolder
