-------- Fri Mar 30 23:58:59 GMT 2018 --------
---- /proc/schedstat
version 15
timestamp 4295804673
cpu0 850766 0 2830484 669231 1704289 497220 231061062481 129054868392 1593969
domain0 0f 8011 7067 675 348371 353 0 4 7063 747 613 102 69377 49 0 0 613 191062 95246 79215 39382460 16601 0 397 94849 0 0 0 0 0 0 0 0 0 649752 95352 0
domain1 ff 1467 1459 3 4385 8 0 2 841 4441 4437 2 1462 2 0 3 1434 173135 172783 165 423792 187 0 33 172750 0 0 0 0 0 0 0 0 0 3112 385 0
cpu1 1036579 0 2766606 557522 757503 317617 238560056490 109678590236 1330829
domain0 0f 7591 5778 1252 403750 667 0 13 5765 312 292 16 15503 6 0 0 292 236532 143652 70667 34959918 22213 0 445 143207 0 0 0 0 0 0 0 0 0 167548 16303 0
domain1 ff 1633 1627 4 10460 2 0 0 499 3723 3723 0 0 0 0 0 0 213205 212765 241 343649 199 0 45 212720 0 0 0 0 0 0 0 0 0 1762 187 0
cpu2 1084730 0 2765736 548812 706601 274506 218289209236 203914224922 1348022
domain0 0f 8503 6134 1625 1033520 979 0 14 6120 200 162 31 19530 8 0 1 161 238479 123923 89584 41699982 24972 0 801 123122 0 0 0 0 0 0 0 0 0 193844 14053 0
domain1 ff 1680 1680 0 0 0 0 0 250 3758 3758 0 0 0 0 0 0 212529 212166 168 357290 195 0 16 212150 0 0 0 0 0 0 0 0 0 1576 157 0
cpu3 1022914 0 2914388 677986 839678 319144 241707357036 145992780806 1543169
domain0 0f 13419 11315 1562 1320351 717 0 14 11300 63 51 7 6242 7 0 0 51 294434 154639 123620 41588792 16175 0 474 154165 0 0 0 0 0 0 0 0 0 276367 136457 0
domain1 ff 2145 2145 0 75 1 0 0 145 3785 3785 0 0 0 0 0 0 276751 276478 118 243740 155 0 56 276422 0 0 0 0 0 0 0 0 0 3587 217 0
cpu4 2475390 0 3029869 174241 331302 109086 156659918856 35775169752 358031
domain0 f0 5093 5075 11 23838 7 0 0 5075 71 64 7 13609 0 0 0 64 6883 3822 2467 3212865 594 0 5 3817 0 0 0 0 0 0 0 0 0 1964 480 0
domain1 ff 1244 728 389 488629 476 1 13 709 220 212 5 22199 5 0 4 19 2816 1866 623 892550 327 0 18 1848 316 2 314 0 0 0 0 0 0 5526 1625 0
cpu5 374459 0 860529 149904 277670 84963 85674392728 29029290672 319158
domain0 f0 5346 5329 12 51264 6 0 0 5328 36 35 0 513 1 0 0 35 3855 1268 2024 2857003 563 0 4 1264 1 0 1 0 0 0 0 0 0 2392 551 0
domain1 ff 838 693 97 128367 203 0 4 146 134 134 0 0 0 0 0 0 2919 1952 769 1409669 198 0 24 1928 143 0 143 0 0 0 0 0 0 2955 917 0
cpu6 273011 0 762693 156158 272044 86551 83470744630 28464586917 319503
domain0 f0 4941 4907 10 74536 27 0 0 4907 8 4 4 2695 0 0 0 4 3138 643 1867 3258560 628 0 3 640 1 1 0 0 0 0 0 0 0 1601 542 0
domain1 ff 713 683 23 30996 97 0 2 44 82 82 0 0 0 0 0 0 2034 1374 538 1121947 122 0 17 1357 79 0 79 0 0 0 0 0 0 2390 859 0
cpu7 961673 0 1519375 179856 302991 107610 90769844368 45897766534 361894
domain0 f0 4687 4674 4 44875 9 0 0 4674 10 5 5 4087 0 0 0 5 3971 1478 2016 3091832 477 0 5 1473 0 0 0 0 0 0 0 0 0 1815 571 0
domain1 ff 653 647 6 15510 68 0 3 8 32 32 0 0 0 0 0 0 3081 2267 635 1178033 179 0 21 2246 68 0 68 0 0 0 0 0 0 3577 1005 0
---- /proc/meminfo
MemTotal:        5806740 kB
MemFree:          868244 kB
MemAvailable:    3471056 kB
Buffers:            8160 kB
Cached:          2270156 kB
SwapCached:        63020 kB
Active:          1557212 kB
Inactive:        1407364 kB
Active(anon):     537588 kB
Inactive(anon):   176080 kB
Active(file):    1019624 kB
Inactive(file):  1231284 kB
Unevictable:         288 kB
Active(prot_anon):          0 kB
Inactive(prot_anon):        0 kB
Active(prot_file):          0 kB
Inactive(prot_file):        0 kB
Mlocked:             288 kB
SwapTotal:       2293756 kB
SwapFree:        2010796 kB
Dirty:                20 kB
Writeback:            12 kB
AnonPages:        673116 kB
Mapped:           515988 kB
Shmem:             27408 kB
Slab:             178944 kB
SReclaimable:      49604 kB
SUnreclaim:       129340 kB
KernelStack:       39536 kB
PageTables:        52120 kB
NFS_Unstable:          0 kB
Bounce:                0 kB
WritebackTmp:          0 kB
CommitLimit:     5197124 kB
Committed_AS:   94198808 kB
VmallocTotal:   258867136 kB
VmallocUsed:           0 kB
VmallocChunk:          0 kB
CmaTotal:        1376256 kB
CmaFree:               0 kB
Isolate1Free:       1116 kB
Isolate2Free:        224 kB
---- /proc/stat
cpu  63800 19518 43985 532297 163 0 680 0 0 0
cpu0 12307 1450 9133 338415 151 0 594 0 0 0
cpu1 12184 1580 8195 24506 2 0 26 0 0 0
cpu2 9764 2172 7978 25045 0 0 16 0 0 0
cpu3 11499 2317 8619 24712 2 0 11 0 0 0
cpu4 8518 2865 3770 28841 1 0 12 0 0 0
cpu5 3167 2928 2099 30188 2 0 9 0 0 0
cpu6 3000 2888 2088 30342 1 0 5 0 0 0
cpu7 3358 3316 2101 30245 0 0 5 0 0 0
intr 6630094 0 0 0 747001 0 187756 0 0 0 1004 0 434 812 908138 1642 104530 15721 0 0 464 0 0 0 0 0 0 0 0 0 0 0 0 0 0 0 0 0 0 0 0 0 0 0 0 0 0 0 0 0 0 0 0 0 0 20116 38 65636 0 0 0 0 0 0 0 0 300351 26 37586 55398 0 3166 0 0 0 0 41984 0 10208 691910 0 0 0 3428 0 0 0 0 0 0 0 0 0 0 0 0 0 0 0 0 4973 0 0 0 0 0 0 0 0 0 0 42468 0 7298 0 0 0 0 0 0 0 67 0 0 0 0 0 188 0 0 28 0 0 0 0 0 0 0 18532 0 0 0 0 0 0 0 0 0 0 0 0 0 0 0 0 0 0 0 0 0 0 0 0 0 0 0 0 0 0 0 0 0 0 0 0 0 0 0 0 0 0 0 0 0 0 0 0 0 0 0 0 0 0 0 0 0 0 0 0 0 0 0 0 0 0 0 0 0 0 0 0 0 0 0 0 0 0 0 0 0 0 0 0 0 0 0 0 0 0 0 0 0 0 0 0 0 0 0 0 0 0 0 0 0 0 0 0 0 0 0 0 0 0 0 0 0 0 0 0 0 0 0 0 0 0 0 0 0 1 1 0 0 0 0 0 0 0 0 0 0 0 0 0 0 0 0 0 42 0 2 1 0 0 0 0 0 0 0 0 0 0 0 0 0 0 0 0 0 0 0 0 0 0 0 0 0 1 0 0 0 0 0 0 0 0 0 0 0 0 0 0 0 0 0 0 0 0 0 0 6 167 0 0 0 0 0 0 0 0 101 0 1011 0 0 0 0 0 0 1 0 35 0 0 13 0 0 0 0 0 0 0 0 0 0 0 0 0 0 0 0 0 0 0 0 0 0 0 0 0 0 0 4 3 0 0 0 3 3 0 0 0 0 0 0 0 0 0 0 0 0 0 0 1 0 0 0 0 0 0 0 0 0 41 0 0 0 0 0 0 0 0 0 0 0 0 0 0 0 0 0 0 0 0 0 0 0 0 0 0 0 0 0 0 0 17664 0 12 0 0 0 0 0 0 0 0 0 0 0 0 0 0 0 0 0 0 0 0 0 0 0 0 0 0 0 0 0 0 0 0
ctxt 10274413
btime 1522448525
processes 11535
procs_running 1
procs_blocked 0
softirq 1977601 1720 508782 196 44 23386 105 441277 476568 0 525523
---- top
[?25l[0m[H[J[s[999C[999B[6n[uTasks: 504 total,   1 running, 464 sleeping,   0 stopped,   0 zombie            
Mem:   5806740k total,  4938836k used,   867904k free,     8160k buffers        
Swap:  2293756k total,   282960k used,  2010796k free,  2270156k cached         
800%cpu  50%user   0%nice  43%sys 703%idle   0%iow   0%irq   3%sirq   0%host    
[7m  PID USER         PR  NI VIRT  RES  SHR S[%CPU] %MEM     TIME+ ARGS            [0m
  649 media        20   0 652M  27M  12M S 33.3   0.4   3:00.26 CameraDaemon ki+
11531 shell        20   0  10M 2.2M 1.4M R 20.0   0.0   0:00.05 top -n 1
 1205 system       18  -2 2.8G 214M 144M S 10.0   3.7   3:30.63 system_server
10525 root         20   0    0    0    0 S  3.3   0.0   0:07.92 [kworker/3:0]
  541 system       RT   0  17M 2.6M 2.2M S  3.3   0.0   0:27.56 vendor.huawei.h+
  432 logd         30  10  20M 5.3M 1.3M S  3.3   0.0   0:13.17 logd
11525 shell        20   0 8.6M 1.7M 1.2M S  0.0   0.0   0:00.01 sh -c while :; +
11482 root         20   0    0    0    0 S  0.0   0.0   0:00.56 [kworker/0:2]
11199 root          0 -20    0    0    0 S  0.0   0.0   0:00.00 [kbase_event]
11154 u0_a19       20   0 2.3G  61M  50M S  0.0   1.0   0:00.49 com.google.andr+
11102 u0_a19       20   0 2.2G  57M  47M S  0.0   1.0   0:00.34 com.google.andr+
11053 u0_a38       20   0 1.7G  54M  45M S  0.0   0.9   0:00.63 com.android.ven+
11052 root         20   0    0    0    0 S  0.0   0.0   0:00.00 [kworker/5:0]
10984 root          0 -20    0    0    0 S  0.0   0.0   0:00.00 [kbase_event]
10952 u0_a131      10 -10 1.8G  85M  48M S  0.0   1.5   0:23.24 com.usens.hands+
10939 shell        20   0  13M 868K 688K S  0.0   0.0   0:00.18 adbd --root_sec+
10786 root          0 -20    0    0    0 S  0.0   0.0   0:00.34 [kworker/u17:1]
10716 root         20   0    0    0    0 S  0.0   0.0   0:01.56 [kworker/u16:9]
10713 root         20   0    0    0    0 S  0.0   0.0   0:02.10 [kworker/u16:6]
10689 root         20   0    0    0    0 S  0.0   0.0   0:01.59 [kworker/2:0][?25h[0m[1000;1H[K[?25h[0m[1000;1H[K-------- Fri Mar 30 23:59:02 GMT 2018 --------
---- /proc/schedstat
version 15
timestamp 4295805533
cpu0 850766 0 2839416 672571 1713070 498483 231691635898 129204366817 1599136
domain0 0f 8101 7153 678 348496 355 0 4 7149 750 615 102 69382 50 0 0 615 194222 96831 80547 39783649 16844 0 404 96427 0 0 0 0 0 0 0 0 0 657268 96064 0
domain1 ff 1475 1467 3 4385 8 0 2 846 4501 4497 2 1462 2 0 3 1450 176042 175690 165 423792 187 0 33 175657 0 0 0 0 0 0 0 0 0 3115 386 0
cpu1 1036579 0 2773636 560224 759412 317973 239228170547 109841923606 1334790
domain0 0f 7675 5833 1271 406793 678 0 13 5820 316 296 16 15503 6 0 0 296 238939 145220 71341 35119158 22378 0 449 144771 0 0 0 0 0 0 0 0 0 169101 16487 0
domain1 ff 1660 1654 4 10460 2 0 0 505 3756 3756 0 0 0 0 0 0 215438 214998 241 343649 199 0 45 214953 0 0 0 0 0 0 0 0 0 1762 187 0
cpu2 1084730 0 2772467 551185 709184 275031 218893939961 204084224389 1351968
domain0 0f 8591 6193 1646 1042154 988 0 16 6177 202 163 31 19717 9 0 1 162 240980 125172 90593 41981957 25215 0 811 124361 0 0 0 0 0 0 0 0 0 195902 14200 0
domain1 ff 1708 1708 0 0 0 0 0 252 3801 3801 0 0 0 0 0 0 214782 214419 168 357290 195 0 16 214403 0 0 0 0 0 0 0 0 0 1576 157 0
cpu3 1022914 0 2925319 682690 843635 319874 242290895559 146231139676 1549355
domain0 0f 13577 11465 1569 1320615 718 0 14 11450 63 51 7 6242 7 0 0 51 297405 156020 125062 41901573 16323 0 478 155542 0 0 0 0 0 0 0 0 0 279594 138110 0
domain1 ff 2193 2193 0 75 1 0 0 148 3820 3820 0 0 0 0 0 0 279556 279283 118 243740 155 0 56 279227 0 0 0 0 0 0 0 0 0 3587 217 0
cpu4 2475390 0 3030074 174262 331417 109157 156961692294 35779773396 358167
domain0 f0 5158 5140 11 23838 7 0 0 5140 72 64 8 14409 0 0 0 64 6904 3835 2475 3217937 594 0 5 3830 0 0 0 0 0 0 0 0 0 1968 483 0
domain1 ff 1257 735 392 493894 480 1 13 716 220 212 5 22199 5 0 4 19 2834 1878 629 894720 327 0 19 1859 317 2 315 0 0 0 0 0 0 5566 1634 0
cpu5 374459 0 860679 149915 277763 85038 85807519291 29033453171 319297
domain0 f0 5408 5391 12 51264 6 0 0 5390 37 36 0 513 1 0 0 36 3866 1275 2028 2860124 563 0 4 1271 1 0 1 0 0 0 0 0 0 2392 552 0
domain1 ff 846 698 99 131065 204 0 4 149 134 134 0 0 0 0 0 0 2930 1962 770 1409685 198 0 24 1938 143 0 143 0 0 0 0 0 0 2973 917 0
cpu6 273011 0 762697 156160 272046 86552 83471168067 28464589521 319505
domain0 f0 5007 4973 10 74536 27 0 0 4973 8 4 4 2695 0 0 0 4 3140 645 1867 3258560 628 0 3 642 1 1 0 0 0 0 0 0 0 1601 542 0
domain1 ff 722 692 23 30996 97 0 2 45 82 82 0 0 0 0 0 0 2036 1376 538 1121947 122 0 18 1358 79 0 79 0 0 0 0 0 0 2391 860 0
cpu7 961673 0 1519379 179858 302992 107610 90770139160 45897766534 361896
domain0 f0 4748 4735 4 44875 9 0 0 4735 10 5 5 4087 0 0 0 5 3973 1480 2016 3091832 477 0 5 1475 0 0 0 0 0 0 0 0 0 1816 571 0
domain1 ff 661 655 6 15510 68 0 3 8 32 32 0 0 0 0 0 0 3083 2269 635 1178033 179 0 21 2248 68 0 68 0 0 0 0 0 0 3577 1005 0
---- /proc/meminfo
MemTotal:        5806740 kB
MemFree:          867004 kB
MemAvailable:    3469820 kB
Buffers:            8160 kB
Cached:          2270160 kB
SwapCached:        63020 kB
Active:          1558536 kB
Inactive:        1407368 kB
Active(anon):     538912 kB
Inactive(anon):   176080 kB
Active(file):    1019624 kB
Inactive(file):  1231288 kB
Unevictable:         288 kB
Active(prot_anon):          0 kB
Inactive(prot_anon):        0 kB
Active(prot_file):          0 kB
Inactive(prot_file):        0 kB
Mlocked:             288 kB
SwapTotal:       2293756 kB
SwapFree:        2010796 kB
Dirty:                28 kB
Writeback:             0 kB
AnonPages:        674420 kB
Mapped:           515988 kB
Shmem:             27408 kB
Slab:             178932 kB
SReclaimable:      49604 kB
SUnreclaim:       129328 kB
KernelStack:       39536 kB
PageTables:        52120 kB
NFS_Unstable:          0 kB
Bounce:                0 kB
WritebackTmp:          0 kB
CommitLimit:     5197124 kB
Committed_AS:   94198316 kB
VmallocTotal:   258867136 kB
VmallocUsed:           0 kB
VmallocChunk:          0 kB
CmaTotal:        1376256 kB
CmaFree:               0 kB
Isolate1Free:       1040 kB
Isolate2Free:        224 kB
---- /proc/stat
cpu  63954 19530 44172 534744 163 0 689 0 0 0
cpu0 12350 1451 9182 338684 151 0 602 0 0 0
cpu1 12224 1580 8230 24788 2 0 26 0 0 0
cpu2 9801 2175 8017 25329 0 0 16 0 0 0
cpu3 11524 2317 8656 24993 2 0 11 0 0 0
cpu4 8519 2872 3788 29155 1 0 12 0 0 0
cpu5 3173 2928 2107 30518 2 0 9 0 0 0
cpu6 3001 2888 2088 30686 1 0 5 0 0 0
cpu7 3359 3316 2101 30589 0 0 5 0 0 0
intr 6660160 0 0 0 748911 0 187826 0 0 0 1004 0 434 812 915786 1642 104732 15721 0 0 464 0 0 0 0 0 0 0 0 0 0 0 0 0 0 0 0 0 0 0 0 0 0 0 0 0 0 0 0 0 0 0 0 0 0 20116 38 65636 0 0 0 0 0 0 0 0 300356 26 37586 55458 0 3166 0 0 0 0 42274 0 10214 697476 0 0 0 3428 0 0 0 0 0 0 0 0 0 0 0 0 0 0 0 0 4973 0 0 0 0 0 0 0 0 0 0 42468 0 7298 0 0 0 0 0 0 0 67 0 0 0 0 0 188 0 0 28 0 0 0 0 0 0 0 18658 0 0 0 0 0 0 0 0 0 0 0 0 0 0 0 0 0 0 0 0 0 0 0 0 0 0 0 0 0 0 0 0 0 0 0 0 0 0 0 0 0 0 0 0 0 0 0 0 0 0 0 0 0 0 0 0 0 0 0 0 0 0 0 0 0 0 0 0 0 0 0 0 0 0 0 0 0 0 0 0 0 0 0 0 0 0 0 0 0 0 0 0 0 0 0 0 0 0 0 0 0 0 0 0 0 0 0 0 0 0 0 0 0 0 0 0 0 0 0 0 0 0 0 0 0 0 0 0 0 1 1 0 0 0 0 0 0 0 0 0 0 0 0 0 0 0 0 0 42 0 2 1 0 0 0 0 0 0 0 0 0 0 0 0 0 0 0 0 0 0 0 0 0 0 0 0 0 1 0 0 0 0 0 0 0 0 0 0 0 0 0 0 0 0 0 0 0 0 0 0 6 167 0 0 0 0 0 0 0 0 101 0 1011 0 0 0 0 0 0 1 0 35 0 0 13 0 0 0 0 0 0 0 0 0 0 0 0 0 0 0 0 0 0 0 0 0 0 0 0 0 0 0 4 3 0 0 0 3 3 0 0 0 0 0 0 0 0 0 0 0 0 0 0 1 0 0 0 0 0 0 0 0 0 41 0 0 0 0 0 0 0 0 0 0 0 0 0 0 0 0 0 0 0 0 0 0 0 0 0 0 0 0 0 0 0 17717 0 12 0 0 0 0 0 0 0 0 0 0 0 0 0 0 0 0 0 0 0 0 0 0 0 0 0 0 0 0 0 0 0 0
ctxt 10307150
btime 1522448525
processes 11544
procs_running 1
procs_blocked 0
softirq 1984867 1720 510091 196 44 23387 105 444286 477834 0 527204
---- top
[?25l[0m[H[J[s[999C[999B[6n[uTasks: 505 total,   1 running, 465 sleeping,   0 stopped,   0 zombie            
Mem:   5806740k total,  4940340k used,   866400k free,     8160k buffers        
Swap:  2293756k total,   282960k used,  2010796k free,  2270160k cached         
800%cpu  53%user   0%nice  80%sys 663%idle   0%iow   0%irq   3%sirq   0%host    
[7m  PID USER         PR  NI VIRT  RES  SHR S[%CPU] %MEM     TIME+ ARGS            [0m
  649 media        20   0 652M  27M  12M S 40.0   0.4   3:01.48 CameraDaemon ki+
11540 shell        20   0  10M 2.2M 1.4M R 36.6   0.0   0:00.06 top -n 1
10525 root         20   0    0    0    0 S  6.6   0.0   0:08.02 [kworker/3:0]
 1205 system       18  -2 2.8G 214M 144M S  6.6   3.7   3:31.48 system_server
11482 root         20   0    0    0    0 S  3.3   0.0   0:00.59 [kworker/0:2]
10713 root         20   0    0    0    0 S  3.3   0.0   0:02.14 [kworker/u16:6]
  554 root         20   0 8.6M 1.2M 1.1M S  3.3   0.0   0:03.95 irqbalance
  541 system       RT   0  17M 2.6M 2.2M S  3.3   0.0   0:27.76 vendor.huawei.h+
11534 root         20   0    0    0    0 S  0.0   0.0   0:00.00 [kworker/1:2]
11525 shell        20   0 8.6M 1.7M 1.2M S  0.0   0.0   0:00.02 sh -c while :; +
11199 root          0 -20    0    0    0 S  0.0   0.0   0:00.00 [kbase_event]
11154 u0_a19       20   0 2.3G  61M  50M S  0.0   1.0   0:00.49 com.google.andr+
11102 u0_a19       20   0 2.2G  57M  47M S  0.0   1.0   0:00.34 com.google.andr+
11053 u0_a38       20   0 1.7G  54M  45M S  0.0   0.9   0:00.63 com.android.ven+
11052 root         20   0    0    0    0 S  0.0   0.0   0:00.00 [kworker/5:0]
10984 root          0 -20    0    0    0 S  0.0   0.0   0:00.00 [kbase_event]
10952 u0_a131      10 -10 1.8G  85M  48M S  0.0   1.5   0:23.25 com.usens.hands+
10939 shell        20   0  13M 828K 688K S  0.0   0.0   0:00.19 adbd --root_sec+
10786 root          0 -20    0    0    0 S  0.0   0.0   0:00.34 [kworker/u17:1]
10716 root         20   0    0    0    0 S  0.0   0.0   0:01.56 [kworker/u16:9][?25h[0m[1000;1H[K[?25h[0m[1000;1H[K-------- Fri Mar 30 23:59:06 GMT 2018 --------
Fri
-------- Fri Mar 30 23:59:06 GMT 2018 --------
---- /proc/schedstat
version 15
timestamp 4295806416
cpu0 850766 0 2847802 675834 1722182 499450 232286308812 129318972042 1603835
domain0 0f 8155 7206 679 348525 355 0 4 7202 752 616 103 69412 50 0 0 616 197400 98363 81987 40207095 17050 0 415 97948 0 0 0 0 0 0 0 0 0 665410 96988 0
domain1 ff 1484 1476 3 4385 8 0 2 852 4568 4564 2 1462 2 0 3 1458 179000 178648 165 423792 187 0 33 178615 0 0 0 0 0 0 0 0 0 3117 389 0
cpu1 1036579 0 2780672 563118 761604 318280 239852282506 109918367353 1338682
domain0 0f 7741 5881 1280 408977 688 0 13 5868 322 302 16 15503 6 0 0 302 241894 147270 72050 35306272 22574 0 453 146817 0 0 0 0 0 0 0 0 0 170986 16583 0
domain1 ff 1674 1668 4 10460 2 0 0 507 3803 3803 0 0 0 0 0 0 218181 217741 241 343649 199 0 45 217696 0 0 0 0 0 0 0 0 0 1762 189 0
cpu2 1084730 0 2779062 553736 710956 275298 219378884780 204168936890 1355331
domain0 0f 8652 6239 1657 1047268 992 0 16 6223 205 166 31 19717 9 0 1 165 243454 126456 91633 42299544 25365 0 826 125630 0 0 0 0 0 0 0 0 0 197407 14285 0
domain1 ff 1730 1730 0 0 0 0 0 258 3830 3830 0 0 0 0 0 0 217097 216734 168 357290 195 0 16 216718 0 0 0 0 0 0 0 0 0 1576 157 0
cpu3 1022914 0 2937209 687921 847793 320664 242818469001 146359366224 1556006
domain0 0f 13725 11609 1572 1320704 719 0 14 11594 63 51 7 6242 7 0 0 51 300594 157586 126579 42169094 16429 0 481 157105 0 0 0 0 0 0 0 0 0 282962 139855 0
domain1 ff 2238 2238 0 75 1 0 0 148 3867 3867 0 0 0 0 0 0 282615 282342 118 243740 155 0 56 282286 0 0 0 0 0 0 0 0 0 3587 217 0
cpu4 2475390 0 3030169 174272 331475 109200 157050967293 35781162976 358252
domain0 f0 5202 5184 11 23838 7 0 0 5184 72 64 8 14409 0 0 0 64 6914 3843 2477 3219732 594 0 5 3838 0 0 0 0 0 0 0 0 0 1968 483 0
domain1 ff 1271 747 393 494454 481 1 14 727 238 230 5 22199 5 0 4 19 2842 1885 630 894749 327 0 19 1866 317 2 315 0 0 0 0 0 0 5581 1637 0
cpu5 374459 0 860700 149924 277776 85048 85839586478 29033785984 319309
domain0 f0 5449 5432 12 51264 6 0 0 5431 38 36 1 1392 1 0 0 36 3875 1279 2033 2864364 563 0 4 1275 1 0 1 0 0 0 0 0 0 2392 552 0
domain1 ff 849 700 100 131993 204 0 4 149 135 135 0 0 0 0 0 0 2936 1968 770 1409685 198 0 24 1944 143 0 143 0 0 0 0 0 0 2976 919 0
cpu6 273011 0 762709 156164 272053 86558 83483222753 28464797334 319513
domain0 f0 5046 5012 10 74536 27 0 0 5012 9 5 4 2695 0 0 0 5 3144 647 1869 3260154 628 0 3 644 1 1 0 0 0 0 0 0 0 1601 542 0
domain1 ff 726 696 23 30996 97 0 2 45 82 82 0 0 0 0 0 0 2040 1379 539 1122007 122 0 18 1361 79 0 79 0 0 0 0 0 0 2392 861 0
cpu7 961673 0 1519391 179862 302999 107616 90782258953 45897956637 361904
domain0 f0 4787 4774 4 44875 9 0 0 4774 11 6 5 4087 0 0 0 6 3977 1481 2019 3094172 477 0 5 1476 0 0 0 0 0 0 0 0 0 1816 571 0
domain1 ff 665 659 6 15510 68 0 3 8 33 33 0 0 0 0 0 0 3087 2272 636 1178068 179 0 21 2251 68 0 68 0 0 0 0 0 0 3578 1006 0
---- /proc/meminfo
MemTotal:        5806740 kB
MemFree:          866880 kB
MemAvailable:    3469696 kB
Buffers:            8160 kB
Cached:          2270160 kB
SwapCached:        63020 kB
Active:          1558608 kB
Inactive:        1407368 kB
Active(anon):     538984 kB
Inactive(anon):   176080 kB
Active(file):    1019624 kB
Inactive(file):  1231288 kB
Unevictable:         288 kB
Active(prot_anon):          0 kB
Inactive(prot_anon):        0 kB
Active(prot_file):          0 kB
Inactive(prot_file):        0 kB
Mlocked:             288 kB
SwapTotal:       2293756 kB
SwapFree:        2010796 kB
Dirty:                24 kB
Writeback:             0 kB
AnonPages:        674472 kB
Mapped:           515988 kB
Shmem:             27408 kB
Slab:             178932 kB
SReclaimable:      49604 kB
SUnreclaim:       129328 kB
KernelStack:       39536 kB
PageTables:        52120 kB
NFS_Unstable:          0 kB
Bounce:                0 kB
WritebackTmp:          0 kB
CommitLimit:     5197124 kB
Committed_AS:   94203888 kB
VmallocTotal:   258867136 kB
VmallocUsed:           0 kB
VmallocChunk:          0 kB
CmaTotal:        1376256 kB
CmaFree:               0 kB
Isolate1Free:       1156 kB
Isolate2Free:        224 kB
---- /proc/stat
cpu  64090 19530 44330 537314 163 0 691 0 0 0
cpu0 12396 1451 9230 338966 151 0 604 0 0 0
cpu1 12260 1580 8262 25081 2 0 26 0 0 0
cpu2 9830 2175 8046 25636 0 0 16 0 0 0
cpu3 11539 2317 8701 25288 2 0 11 0 0 0
cpu4 8525 2872 3792 29494 1 0 12 0 0 0
cpu5 3176 2928 2107 30868 2 0 9 0 0 0
cpu6 3002 2888 2088 31037 1 0 5 0 0 0
cpu7 3359 3316 2101 30941 0 0 5 0 0 0
intr 6691087 0 0 0 750613 0 187866 0 0 0 1004 0 434 812 923882 1642 104844 15721 0 0 464 0 0 0 0 0 0 0 0 0 0 0 0 0 0 0 0 0 0 0 0 0 0 0 0 0 0 0 0 0 0 0 0 0 0 20116 38 65636 0 0 0 0 0 0 0 0 300357 26 37586 55498 0 3166 0 0 0 0 42572 0 10222 703152 0 0 0 3428 0 0 0 0 0 0 0 0 0 0 0 0 0 0 0 0 4973 0 0 0 0 0 0 0 0 0 0 42468 0 7298 0 0 0 0 0 0 0 67 0 0 0 0 0 188 0 0 28 0 0 0 0 0 0 0 18785 0 0 0 0 0 0 0 0 0 0 0 0 0 0 0 0 0 0 0 0 0 0 0 0 0 0 0 0 0 0 0 0 0 0 0 0 0 0 0 0 0 0 0 0 0 0 0 0 0 0 0 0 0 0 0 0 0 0 0 0 0 0 0 0 0 0 0 0 0 0 0 0 0 0 0 0 0 0 0 0 0 0 0 0 0 0 0 0 0 0 0 0 0 0 0 0 0 0 0 0 0 0 0 0 0 0 0 0 0 0 0 0 0 0 0 0 0 0 0 0 0 0 0 0 0 0 0 0 0 1 1 0 0 0 0 0 0 0 0 0 0 0 0 0 0 0 0 0 42 0 2 1 0 0 0 0 0 0 0 0 0 0 0 0 0 0 0 0 0 0 0 0 0 0 0 0 0 1 0 0 0 0 0 0 0 0 0 0 0 0 0 0 0 0 0 0 0 0 0 0 6 167 0 0 0 0 0 0 0 0 101 0 1011 0 0 0 0 0 0 1 0 35 0 0 13 0 0 0 0 0 0 0 0 0 0 0 0 0 0 0 0 0 0 0 0 0 0 0 0 0 0 0 4 3 0 0 0 3 3 0 0 0 0 0 0 0 0 0 0 0 0 0 0 1 0 0 0 0 0 0 0 0 0 41 0 0 0 0 0 0 0 0 0 0 0 0 0 0 0 0 0 0 0 0 0 0 0 0 0 0 0 0 0 0 0 17793 0 12 0 0 0 0 0 0 0 0 0 0 0 0 0 0 0 0 0 0 0 0 0 0 0 0 0 0 0 0 0 0 0 0
ctxt 10339698
btime 1522448525
processes 11550
procs_running 1
procs_blocked 0
softirq 1991431 1720 511169 196 44 23388 105 447371 478940 0 528498
---- top
[?25l[0m[H[J[s[999C[999B[6n[uTasks: 505 total,   1 running, 464 sleeping,   0 stopped,   0 zombie            
Mem:   5806740k total,  4940464k used,   866276k free,     8160k buffers        
Swap:  2293756k total,   282960k used,  2010796k free,  2270160k cached         
800%cpu  34%user   0%nice  55%sys 710%idle   0%iow   0%irq   0%sirq   0%host    
[7m  PID USER         PR  NI VIRT  RES  SHR S[%CPU] %MEM     TIME+ ARGS            [0m
  649 media        20   0 652M  27M  12M S 31.0   0.4   3:02.67 CameraDaemon ki+
11546 shell        20   0  10M 2.2M 1.4M R 20.6   0.0   0:00.04 top -n 1
 1205 system       18  -2 2.8G 214M 144M S 10.3   3.7   3:31.83 system_server
  541 system       RT   0  17M 2.6M 2.2M S  6.8   0.0   0:27.96 vendor.huawei.h+
10689 root         20   0    0    0    0 D  3.4   0.0   0:01.63 [kworker/2:0]
  627 cameraserver 20   0 195M  11M 8.1M S  3.4   0.1   0:09.40 cameraserver
  203 root         20   0    0    0    0 D  3.4   0.0   0:01.65 [STM-VL53L0]
11534 root         20   0    0    0    0 S  0.0   0.0   0:00.00 [kworker/1:2]
11525 shell        20   0 8.6M 1.7M 1.2M S  0.0   0.0   0:00.02 sh -c while :; +
11482 root         20   0    0    0    0 S  0.0   0.0   0:00.61 [kworker/0:2]
11199 root          0 -20    0    0    0 S  0.0   0.0   0:00.00 [kbase_event]
11154 u0_a19       20   0 2.3G  61M  50M S  0.0   1.0   0:00.49 com.google.andr+
11102 u0_a19       20   0 2.2G  57M  47M S  0.0   1.0   0:00.34 com.google.andr+
11053 u0_a38       20   0 1.7G  54M  45M S  0.0   0.9   0:00.63 com.android.ven+
11052 root         20   0    0    0    0 S  0.0   0.0   0:00.00 [kworker/5:0]
10984 root          0 -20    0    0    0 S  0.0   0.0   0:00.00 [kbase_event]
10952 u0_a131      10 -10 1.8G  85M  48M S  0.0   1.5   0:23.26 com.usens.hands+
10939 shell        20   0  13M 0.9M 688K S  0.0   0.0   0:00.19 adbd --root_sec+
10786 root          0 -20    0    0    0 S  0.0   0.0   0:00.34 [kworker/u17:1]
10716 root         20   0    0    0    0 S  0.0   0.0   0:01.58 [kworker/u16:9][?25h[0m[1000;1H[K[?25h[0m[1000;1H[K-------- Fri Mar 30 23:59:09 GMT 2018 --------
---- /proc/schedstat
version 15
timestamp 4295807275
cpu0 850766 0 2857226 679246 1730302 500062 232770724955 129413018952 1608830
domain0 0f 8221 7262 688 348908 356 0 4 7258 754 618 103 69412 50 0 0 618 200816 100187 83395 40652869 17234 0 426 99761 0 0 0 0 0 0 0 0 0 672916 97951 0
domain1 ff 1496 1488 3 4385 8 0 2 864 4611 4607 2 1462 2 0 3 1468 182222 181870 165 423792 187 0 33 181837 0 0 0 0 0 0 0 0 0 3120 391 0
cpu1 1036579 0 2788868 566510 763650 318659 240389082015 109993309024 1343283
domain0 0f 7851 5965 1300 410825 695 0 13 5952 322 302 16 15503 6 0 0 302 245358 149683 72881 35512149 22794 0 459 149224 0 0 0 0 0 0 0 0 0 172653 16691 0
domain1 ff 1695 1689 4 10460 2 0 0 512 3836 3836 0 0 0 0 0 0 221420 220980 241 343649 199 0 45 220935 0 0 0 0 0 0 0 0 0 1762 191 0
cpu2 1084730 0 2786355 556885 713842 275724 219876295170 204252757712 1359418
domain0 0f 8725 6300 1666 1050139 995 0 17 6283 207 168 31 19717 9 0 1 167 246514 128205 92654 42620065 25655 0 834 127371 0 0 0 0 0 0 0 0 0 199867 14376 0
domain1 ff 1744 1744 0 0 0 0 0 260 3878 3878 0 0 0 0 0 0 219860 219497 168 357290 195 0 16 219481 0 0 0 0 0 0 0 0 0 1576 157 0
cpu3 1022914 0 2945170 691475 851493 321212 243253669564 146443865714 1560407
domain0 0f 13840 11718 1574 1321947 723 0 15 11702 66 54 7 6242 7 0 0 54 302950 158525 127907 42413510 16518 0 482 158043 0 0 0 0 0 0 0 0 0 286114 141698 0
domain1 ff 2274 2274 0 75 1 0 0 150 3912 3912 0 0 0 0 0 0 284873 284600 118 243740 155 0 56 284544 0 0 0 0 0 0 0 0 0 3587 217 0
cpu4 2475390 0 3030197 174282 331495 109211 157087337604 35781394748 358270
domain0 f0 5251 5233 11 23838 7 0 0 5233 72 64 8 14409 0 0 0 64 6924 3849 2481 3223316 594 0 5 3844 0 0 0 0 0 0 0 0 0 1968 483 0
domain1 ff 1286 760 395 494602 482 1 14 740 238 230 5 22199 5 0 4 19 2852 1891 634 894892 327 0 19 1872 318 2 316 0 0 0 0 0 0 5590 1641 0
cpu5 374459 0 860712 149928 277783 85054 85848883875 29033943796 319317
domain0 f0 5497 5480 12 51264 6 0 0 5479 38 36 1 1392 1 0 0 36 3879 1280 2036 2867095 563 0 4 1276 1 0 1 0 0 0 0 0 0 2392 552 0
domain1 ff 853 704 100 131993 204 0 4 150 135 135 0 0 0 0 0 0 2940 1971 771 1409704 198 0 24 1947 143 0 143 0 0 0 0 0 0 2977 919 0
cpu6 273011 0 762719 156167 272060 86563 83492529524 28464957228 319520
domain0 f0 5092 5058 10 74536 27 0 0 5058 9 5 4 2695 0 0 0 5 3147 649 1870 3261007 628 0 3 646 1 1 0 0 0 0 0 0 0 1601 542 0
domain1 ff 730 700 23 30996 97 0 2 45 82 82 0 0 0 0 0 0 2043 1381 540 1122027 122 0 18 1363 79 0 79 0 0 0 0 0 0 2394 862 0
cpu7 961673 0 1519513 179870 303076 107674 90905983952 45899152471 362018
domain0 f0 4830 4817 4 44875 9 0 0 4817 11 6 5 4087 0 0 0 6 3985 1489 2019 3094172 477 0 5 1484 0 0 0 0 0 0 0 0 0 1816 571 0
domain1 ff 668 662 6 15510 68 0 3 8 33 33 0 0 0 0 0 0 3095 2279 637 1178084 179 0 21 2258 68 0 68 0 0 0 0 0 0 3597 1008 0
---- /proc/meminfo
MemTotal:        5806740 kB
MemFree:          867004 kB
MemAvailable:    3469820 kB
Buffers:            8160 kB
Cached:          2270160 kB
SwapCached:        63020 kB
Active:          1558628 kB
Inactive:        1407368 kB
Active(anon):     539004 kB
Inactive(anon):   176080 kB
Active(file):    1019624 kB
Inactive(file):  1231288 kB
Unevictable:         288 kB
Active(prot_anon):          0 kB
Inactive(prot_anon):        0 kB
Active(prot_file):          0 kB
Inactive(prot_file):        0 kB
Mlocked:             288 kB
SwapTotal:       2293756 kB
SwapFree:        2010796 kB
Dirty:                24 kB
Writeback:             0 kB
AnonPages:        674540 kB
Mapped:           515988 kB
Shmem:             27408 kB
Slab:             178932 kB
SReclaimable:      49604 kB
SUnreclaim:       129328 kB
KernelStack:       39536 kB
PageTables:        52120 kB
NFS_Unstable:          0 kB
Bounce:                0 kB
WritebackTmp:          0 kB
CommitLimit:     5197124 kB
Committed_AS:   94200116 kB
VmallocTotal:   258867136 kB
VmallocUsed:           0 kB
VmallocChunk:          0 kB
CmaTotal:        1376256 kB
CmaFree:               0 kB
Isolate1Free:        992 kB
Isolate2Free:        224 kB
---- /proc/stat
cpu  64230 19530 44483 539825 163 0 695 0 0 0
cpu0 12432 1451 9273 339248 151 0 608 0 0 0
cpu1 12299 1580 8296 25369 2 0 26 0 0 0
cpu2 9870 2176 8079 25928 0 0 16 0 0 0
cpu3 11558 2317 8734 25584 2 0 11 0 0 0
cpu4 8528 2872 3793 29831 1 0 12 0 0 0
cpu5 3176 2928 2107 31210 2 0 9 0 0 0
cpu6 3002 2888 2089 31380 1 0 5 0 0 0
cpu7 3363 3316 2110 31272 0 0 5 0 0 0
intr 6721448 0 0 0 752389 0 187937 0 0 0 1004 0 434 812 931802 1642 104926 15721 0 0 464 0 0 0 0 0 0 0 0 0 0 0 0 0 0 0 0 0 0 0 0 0 0 0 0 0 0 0 0 0 0 0 0 0 0 20116 38 65636 0 0 0 0 0 0 0 0 300357 26 37586 55548 0 3166 0 0 0 0 42864 0 10228 708702 0 0 0 3428 0 0 0 0 0 0 0 0 0 0 0 0 0 0 0 0 4973 0 0 0 0 0 0 0 0 0 0 42468 0 7298 0 0 0 0 0 0 0 67 0 0 0 0 0 188 0 0 28 0 0 0 0 0 0 0 18915 0 0 0 0 0 0 0 0 0 0 0 0 0 0 0 0 0 0 0 0 0 0 0 0 0 0 0 0 0 0 0 0 0 0 0 0 0 0 0 0 0 0 0 0 0 0 0 0 0 0 0 0 0 0 0 0 0 0 0 0 0 0 0 0 0 0 0 0 0 0 0 0 0 0 0 0 0 0 0 0 0 0 0 0 0 0 0 0 0 0 0 0 0 0 0 0 0 0 0 0 0 0 0 0 0 0 0 0 0 0 0 0 0 0 0 0 0 0 0 0 0 0 0 0 0 0 0 0 0 1 1 0 0 0 0 0 0 0 0 0 0 0 0 0 0 0 0 0 42 0 2 1 0 0 0 0 0 0 0 0 0 0 0 0 0 0 0 0 0 0 0 0 0 0 0 0 0 1 0 0 0 0 0 0 0 0 0 0 0 0 0 0 0 0 0 0 0 0 0 0 6 167 0 0 0 0 0 0 0 0 101 0 1011 0 0 0 0 0 0 1 0 35 0 0 13 0 0 0 0 0 0 0 0 0 0 0 0 0 0 0 0 0 0 0 0 0 0 0 0 0 0 0 4 3 0 0 0 3 3 0 0 0 0 0 0 0 0 0 0 0 0 0 0 1 0 0 0 0 0 0 0 0 0 41 0 0 0 0 0 0 0 0 0 0 0 0 0 0 0 0 0 0 0 0 0 0 0 0 0 0 0 0 0 0 0 17847 0 12 0 0 0 0 0 0 0 0 0 0 0 0 0 0 0 0 0 0 0 0 0 0 0 0 0 0 0 0 0 0 0 0
ctxt 10371488
btime 1522448525
processes 11556
procs_running 4
procs_blocked 0
softirq 1997961 1720 512279 196 44 23388 105 450372 480060 0 529797
---- top
[?25l[0m[H[J[s[999C[999B[6n[uTasks: 505 total,   1 running, 465 sleeping,   0 stopped,   0 zombie            
Mem:   5806740k total,  4940340k used,   866400k free,     8160k buffers        
Swap:  2293756k total,   282960k used,  2010796k free,  2270160k cached         
800%cpu  48%user   0%nice  69%sys 679%idle   0%iow   0%irq   3%sirq   0%host    
[7m  PID USER         PR  NI VIRT  RES  SHR S[%CPU] %MEM     TIME+ ARGS            [0m
  649 media        20   0 652M  28M  12M S 48.2   0.4   3:03.78 CameraDaemon ki+
11552 shell        20   0  10M 2.2M 1.4M R 20.6   0.0   0:00.04 top -n 1
 1205 system       18  -2 2.8G 214M 144M S 13.7   3.7   3:32.16 system_server
11482 root         20   0    0    0    0 S  6.8   0.0   0:00.62 [kworker/0:2]
10713 root         20   0    0    0    0 S  3.4   0.0   0:02.20 [kworker/u16:6]
  541 system       RT   0  17M 2.6M 2.2M S  3.4   0.0   0:28.13 vendor.huawei.h+
   56 root         RT   0    0    0    0 S  3.4   0.0   0:00.46 [mailbox-23]
11534 root         20   0    0    0    0 S  0.0   0.0   0:00.00 [kworker/1:2]
11525 shell        20   0 8.6M 1.7M 1.2M S  0.0   0.0   0:00.02 sh -c while :; +
11199 root          0 -20    0    0    0 S  0.0   0.0   0:00.00 [kbase_event]
11154 u0_a19       20   0 2.3G  61M  50M S  0.0   1.0   0:00.49 com.google.andr+
11102 u0_a19       20   0 2.2G  57M  47M S  0.0   1.0   0:00.34 com.google.andr+
11053 u0_a38       20   0 1.7G  54M  45M S  0.0   0.9   0:00.63 com.android.ven+
11052 root         20   0    0    0    0 S  0.0   0.0   0:00.00 [kworker/5:0]
10984 root          0 -20    0    0    0 S  0.0   0.0   0:00.00 [kbase_event]
10952 u0_a131      10 -10 1.8G  86M  48M S  0.0   1.5   0:23.26 com.usens.hands+
10939 shell        20   0  13M 980K 688K S  0.0   0.0   0:00.19 adbd --root_sec+
10786 root          0 -20    0    0    0 S  0.0   0.0   0:00.34 [kworker/u17:1]
10716 root         20   0    0    0    0 S  0.0   0.0   0:01.59 [kworker/u16:9]
10689 root         20   0    0    0    0 S  0.0   0.0   0:01.69 [kworker/2:0][?25h[0m[1000;1H[K[?25h[0m[1000;1H[K