-------- Thu Apr 5 22:52:29 GMT 2018 --------
---- /proc/schedstat
version 15
timestamp 4300965556
cpu0 3308979 0 22026491 5538180 15685565 5041083 1886626644290 1262756719810 13775887
domain0 0f 1209 1058 78 107262 90 0 1 1057 15 12 0 2026 35 0 0 12 11912 5235 4825 5296996 1852 0 19 5216 0 0 0 0 0 0 0 0 0 16189 4997 0
domain1 ff 353 337 9 4968 8 0 1 172 420 414 6 0 0 0 4 179 10005 9388 464 226087 153 0 19 9369 0 0 0 0 0 0 0 0 0 1543 156 0
cpu1 3864098 0 21588384 5252741 8820182 3205001 1817097598407 1118229752288 12891326
domain0 0f 982 750 134 116481 117 0 2 748 6 4 1 6606 1 0 0 4 12015 5080 4924 5399527 2011 0 25 5055 0 0 0 0 0 0 0 0 0 9579 2534 0
domain1 ff 254 249 4 912 1 0 0 56 380 380 0 0 0 0 0 0 9950 9320 453 202104 177 0 25 9295 0 0 0 0 0 0 0 0 0 1038 127 0
cpu2 4007153 0 21410855 5138957 7780387 2989331 1717377601762 1217076327891 13055352
domain0 0f 911 669 148 184201 138 0 0 669 46 36 5 33826 13 0 0 36 9278 4003 3857 4796445 1418 0 8 3995 0 0 0 0 0 0 0 0 0 8011 2000 0
domain1 ff 288 284 3 661 1 0 0 52 411 411 0 0 0 0 0 0 5831 5302 368 205313 161 0 8 5294 0 0 0 0 0 0 0 0 0 1527 154 0
cpu3 3893149 0 20869580 4954224 7752790 3037549 1724452028756 1048537912180 12907373
domain0 0f 1136 582 319 392979 381 0 2 580 4 3 0 230 1 0 0 3 12330 5795 4252 5240321 2283 0 24 5771 0 0 0 0 0 0 0 0 0 6585 1666 0
domain1 ff 207 204 3 369 0 0 0 18 269 269 0 0 0 0 0 0 10020 9564 286 169517 170 0 9 9555 0 0 0 0 0 0 0 0 0 1150 112 0
cpu4 8115712 0 10592519 719365 1819967 510914 1088096601394 131359883686 1679696
domain0 f0 703 689 6 18558 8 0 0 689 55 52 2 2549 1 0 0 52 2903 375 1950 1618506 578 0 4 371 0 0 0 0 0 0 0 0 0 1933 359 0
domain1 ff 181 66 98 348937 105 0 4 58 148 144 3 2097 1 0 0 13 919 279 501 2469469 139 0 18 261 85 0 85 0 0 0 0 0 0 2338 843 0
cpu5 1260935 0 3023514 522322 1153797 332094 558611946808 79010214767 1182846
domain0 f0 693 666 6 22237 21 0 0 666 18 15 2 2588 1 0 0 15 2578 336 1810 1497230 432 0 4 332 0 0 0 0 0 0 0 0 0 1787 344 0
domain1 ff 184 141 27 69461 68 0 1 40 90 90 0 0 0 0 0 0 1577 561 831 2385768 185 0 32 529 50 1 49 0 0 0 0 0 0 1813 594 0
cpu6 839263 0 2399912 472267 898574 291753 393715869123 76171071493 1029771
domain0 f0 704 676 10 21054 18 0 0 676 11 9 2 1683 0 0 0 9 2662 283 1903 1534753 476 0 1 282 0 0 0 0 0 0 0 0 0 1740 338 0
domain1 ff 142 128 10 50224 100 0 1 16 30 30 0 0 0 0 0 0 1657 555 949 2369399 153 0 17 538 95 0 95 0 0 0 0 0 0 2087 691 0
cpu7 1543585 0 3230088 500025 925600 355187 372687709168 120475018533 1116403
domain0 f0 641 626 0 8899 15 0 0 626 15 15 0 0 0 0 0 15 3827 1324 2086 1562621 417 0 4 1320 0 0 0 0 0 0 0 0 0 1872 406 0
domain1 ff 133 127 6 4558 49 0 0 5 20 20 0 0 0 0 0 0 2646 1537 885 2334081 224 0 15 1522 49 0 49 0 0 0 0 0 0 3163 1022 0
---- /proc/meminfo
MemTotal:        5806740 kB
MemFree:           71816 kB
MemAvailable:    3533052 kB
Buffers:            4980 kB
Cached:          2995144 kB
SwapCached:        49516 kB
Active:          2326616 kB
Inactive:        1463884 kB
Active(anon):     667720 kB
Inactive(anon):   130996 kB
Active(file):    1658896 kB
Inactive(file):  1332888 kB
Unevictable:         316 kB
Active(prot_anon):          0 kB
Inactive(prot_anon):        0 kB
Active(prot_file):          0 kB
Inactive(prot_file):        0 kB
Mlocked:             316 kB
SwapTotal:       2293756 kB
SwapFree:        2076224 kB
Dirty:                72 kB
Writeback:             0 kB
AnonPages:        781872 kB
Mapped:           520776 kB
Shmem:              8340 kB
Slab:             193824 kB
SReclaimable:      55216 kB
SUnreclaim:       138608 kB
KernelStack:       42208 kB
PageTables:        59868 kB
NFS_Unstable:          0 kB
Bounce:                0 kB
WritebackTmp:          0 kB
CommitLimit:     5197124 kB
Committed_AS:   107241596 kB
VmallocTotal:   258867136 kB
VmallocUsed:           0 kB
VmallocChunk:          0 kB
CmaTotal:        1376256 kB
CmaFree:               0 kB
Isolate1Free:       4924 kB
Isolate2Free:         16 kB
---- /proc/stat
cpu  16 8 8 8 8 8 8 0 0 0
cpu0 2 1 1 1 1 1 1 0 0 0
cpu1 2 1 1 1 1 1 1 0 0 0
cpu2 2 1 1 1 1 1 1 0 0 0
cpu3 2 1 1 1 1 1 1 0 0 0
cpu4 2 1 1 1 1 1 1 0 0 0
cpu5 2 1 1 1 1 1 1 0 0 0
cpu6 2 1 1 1 1 1 1 0 0 0
cpu7 2 1 1 1 1 1 1 0 0 0
intr 52849655 0 0 0 7901367 0 1816650 0 0 0 2605 0 7729 2576 4342480 7379 961073 163903 0 0 464 0 0 0 0 0 0 0 0 0 0 0 0 0 0 0 0 0 0 0 0 0 0 0 0 0 0 0 0 0 0 0 0 0 0 470065 185 1306651 0 0 0 0 0 0 0 0 523903 26 523274 384574 0 112490 0 0 0 0 276176 0 71474 7926676 0 0 0 25833 0 0 1836 0 0 0 0 0 0 0 0 0 0 0 0 0 39988 0 0 0 0 0 0 0 0 0 0 361247 0 78392 0 0 0 0 0 0 0 67 0 0 0 0 0 188 0 0 29 0 0 0 0 0 0 0 131614 0 0 0 0 0 0 0 0 0 0 0 0 0 0 0 0 0 0 0 0 0 0 0 0 0 0 0 0 0 0 0 0 0 0 0 0 0 0 0 0 0 0 0 0 0 0 0 0 0 0 0 0 0 0 0 0 0 0 0 0 0 0 0 0 0 0 0 0 0 0 0 0 0 0 0 0 0 0 0 0 0 0 0 0 0 0 0 0 0 0 0 0 0 0 0 0 0 0 0 0 0 0 0 0 0 0 0 0 0 0 0 0 0 0 0 0 0 0 0 0 0 0 0 0 0 0 0 0 0 1 1 0 0 0 0 0 0 0 0 0 0 0 0 0 0 0 0 0 207 0 5 1 0 0 0 0 0 0 0 0 0 0 0 0 0 0 0 0 0 0 0 0 0 0 0 0 0 90 0 0 0 0 0 0 200 0 0 0 0 0 0 0 0 0 0 0 0 0 0 0 29 695 0 0 0 0 0 0 0 0 101 0 10402 0 0 0 0 0 0 1 0 127 0 0 85 0 0 0 0 0 6 0 0 0 0 0 0 0 0 0 0 0 0 0 0 0 0 0 0 0 0 0 14 13 0 0 0 29 29 0 0 0 0 0 0 0 0 0 0 0 0 0 0 1 0 0 0 0 0 0 0 0 0 206 0 0 0 0 0 0 0 0 0 0 0 0 0 0 0 0 0 0 0 0 0 0 0 0 0 0 0 0 0 0 0 881897 0 1043 0 0 0 0 0 0 0 0 0 0 0 0 0 0 0 0 0 0 0 0 0 0 0 0 0 0 0 0 0 0 0 0
ctxt 80690124
btime 1522448525
processes 34968
procs_running 1
procs_blocked 0
softirq 15419162 67276 3334451 9926 141 84097 8547 5537804 3247046 0 3129874
---- top
Tasks: 532 total,   2 running, 491 sleeping,   0 stopped,   0 zombie
Mem:   5806740k total,  5735528k used,    71212k free,     4980k buffers
Swap:  2293756k total,   217532k used,  2076224k free,  2995144k cached
800%cpu  10%user   0%nice  23%sys 768%idle   0%iow   0%irq   0%sirq   0%host
  PID USER         PR  NI VIRT  RES  SHR S[%CPU] %MEM     TIME+ ARGS                       
 3672 shell        20   0  10M 2.2M 1.4M R 22.5   0.0   0:00.06 top -n 1 -b
 1205 system       18  -2 2.9G 217M 148M S  6.4   3.8  26:07.82 system_server
  589 root         20   0    0    0    0 S  3.2   0.0   0:02.90 [kworker/u16:17]
 2014 u0_a27       20   0 3.2G 218M 122M S  3.2   3.8   5:52.00 com.android.systemui
  644 mediacodec   20   0  96M 8.6M 6.7M S  3.2   0.1   2:06.94 media.codec hw/android.hardware.media.omx@1.0-service
-------- Thu Apr 5 22:52:32 GMT 2018 --------
---- /proc/schedstat
version 15
timestamp 4300966430
cpu0 3308979 0 22028436 5538903 15687201 5041792 1886882781266 1262856930229 13777090
domain0 0f 1247 1096 78 107262 90 0 1 1095 15 12 0 2026 35 0 0 12 12412 5581 4967 5298855 1864 0 19 5562 0 0 0 0 0 0 0 0 0 17112 5525 0
domain1 ff 362 346 9 4968 8 0 1 173 426 420 6 0 0 0 4 180 10492 9875 464 226087 153 0 19 9856 0 0 0 0 0 0 0 0 0 1547 156 0
cpu1 3864098 0 21590037 5253291 8820850 3205378 1817377282784 1118303696547 12892350
domain0 0f 1012 780 134 116481 117 0 2 778 7 5 1 6606 1 0 0 5 12612 5475 5081 5403851 2056 0 25 5450 0 0 0 0 0 0 0 0 0 9870 2584 0
domain1 ff 257 252 4 912 1 0 0 58 388 388 0 0 0 0 0 0 10500 9870 453 202104 177 0 25 9845 0 0 0 0 0 0 0 0 0 1038 127 0
cpu2 4007153 0 21412464 5139613 7781174 2989773 1717611509061 1217155544554 13056295
domain0 0f 978 720 156 184754 147 0 0 720 46 36 5 33826 13 0 0 36 9814 4487 3897 4798906 1430 0 8 4479 0 0 0 0 0 0 0 0 0 8356 2051 0
domain1 ff 315 311 3 661 1 0 0 54 417 417 0 0 0 0 0 0 6353 5824 368 205313 161 0 8 5816 0 0 0 0 0 0 0 0 0 1527 154 0
cpu3 3893149 0 20870754 4954676 7753205 3037760 1724701533436 1048611406981 12908031
domain0 0f 1165 599 326 394088 398 0 2 597 4 3 0 230 1 0 0 3 12684 6056 4318 5245975 2310 0 24 6032 0 0 0 0 0 0 0 0 0 6788 1707 0
domain1 ff 209 206 3 369 0 0 0 18 277 277 0 0 0 0 0 0 10347 9891 286 169517 170 0 9 9882 0 0 0 0 0 0 0 0 0 1151 112 0
cpu4 8115712 0 10593670 719379 1820568 511482 1088372451916 131366230051 1680825
domain0 f0 723 709 6 18558 8 0 0 709 56 53 2 2549 1 0 0 53 2917 385 1954 1620476 578 0 4 381 0 0 0 0 0 0 0 0 0 1936 361 0
domain1 ff 183 66 100 349372 106 0 4 58 169 165 3 2097 1 0 0 13 930 290 501 2469469 139 0 18 272 86 0 86 0 0 0 0 0 0 2368 847 0
cpu5 1260935 0 3023566 522336 1153826 332120 558639382746 79015951225 1182884
domain0 f0 719 692 6 22237 21 0 0 692 21 18 2 2588 1 0 0 18 2592 339 1821 1507618 432 0 4 335 0 0 0 0 0 0 0 0 0 1787 344 0
domain1 ff 189 146 27 69461 68 0 1 42 96 96 0 0 0 0 0 0 1587 571 831 2385768 185 0 32 539 50 1 49 0 0 0 0 0 0 1816 594 0
cpu6 839263 0 2399913 472267 898574 291753 393715869123 76171071493 1029772
domain0 f0 723 695 10 21054 18 0 0 695 11 9 2 1683 0 0 0 9 2662 283 1903 1534753 476 0 1 282 0 0 0 0 0 0 0 0 0 1740 338 0
domain1 ff 145 131 10 50224 100 0 1 16 31 31 0 0 0 0 0 0 1657 555 949 2369399 153 0 17 538 95 0 95 0 0 0 0 0 0 2087 691 0
cpu7 1543585 0 3230092 500026 925604 355189 372688334689 120475053429 1116406
domain0 f0 660 645 0 8899 15 0 0 645 15 15 0 0 0 0 0 15 3828 1324 2087 1563363 417 0 4 1320 0 0 0 0 0 0 0 0 0 1872 406 0
domain1 ff 136 130 6 4558 49 0 0 5 20 20 0 0 0 0 0 0 2647 1538 885 2334081 224 0 15 1523 49 0 49 0 0 0 0 0 0 3165 1023 0
---- /proc/meminfo
MemTotal:        5806740 kB
MemFree:           69712 kB
MemAvailable:    3530948 kB
Buffers:            4980 kB
Cached:          2995144 kB
SwapCached:        49516 kB
Active:          2328388 kB
Inactive:        1463884 kB
Active(anon):     669492 kB
Inactive(anon):   130996 kB
Active(file):    1658896 kB
Inactive(file):  1332888 kB
Unevictable:         316 kB
Active(prot_anon):          0 kB
Inactive(prot_anon):        0 kB
Active(prot_file):          0 kB
Inactive(prot_file):        0 kB
Mlocked:             316 kB
SwapTotal:       2293756 kB
SwapFree:        2076224 kB
Dirty:                68 kB
Writeback:             0 kB
AnonPages:        783656 kB
Mapped:           520768 kB
Shmem:              8340 kB
Slab:             194148 kB
SReclaimable:      55216 kB
SUnreclaim:       138932 kB
KernelStack:       42112 kB
PageTables:        59868 kB
NFS_Unstable:          0 kB
Bounce:                0 kB
WritebackTmp:          0 kB
CommitLimit:     5197124 kB
Committed_AS:   107238316 kB
VmallocTotal:   258867136 kB
VmallocUsed:           0 kB
VmallocChunk:          0 kB
CmaTotal:        1376256 kB
CmaFree:               0 kB
Isolate1Free:       4996 kB
Isolate2Free:          0 kB
---- /proc/stat
cpu  24 24 24 24 24 24 24 0 0 0
cpu0 3 3 3 3 3 3 3 0 0 0
cpu1 3 3 3 3 3 3 3 0 0 0
cpu2 3 3 3 3 3 3 3 0 0 0
cpu3 3 3 3 3 3 3 3 0 0 0
cpu4 3 3 3 3 3 3 3 0 0 0
cpu5 3 3 3 3 3 3 3 0 0 0
cpu6 3 3 3 3 3 3 3 0 0 0
cpu7 3 3 3 3 3 3 3 0 0 0 
intr 52854042 0 0 0 7902374 0 1817164 0 0 0 2605 0 7729 2576 4342480 7379 961151 163903 0 0 464 0 0 0 0 0 0 0 0 0 0 0 0 0 0 0 0 0 0 0 0 0 0 0 0 0 0 0 0 0 0 0 0 0 0 470065 185 1306651 0 0 0 0 0 0 0 0 523912 26 523274 384690 0 112490 0 0 0 0 276176 0 71480 7927422 0 0 0 25840 0 0 1836 0 0 0 0 0 0 0 0 0 0 0 0 0 40049 0 0 0 0 0 0 0 0 0 0 361251 0 78392 0 0 0 0 0 0 0 67 0 0 0 0 0 188 0 0 29 0 0 0 0 0 0 0 131614 0 0 0 0 0 0 0 0 0 0 0 0 0 0 0 0 0 0 0 0 0 0 0 0 0 0 0 0 0 0 0 0 0 0 0 0 0 0 0 0 0 0 0 0 0 0 0 0 0 0 0 0 0 0 0 0 0 0 0 0 0 0 0 0 0 0 0 0 0 0 0 0 0 0 0 0 0 0 0 0 0 0 0 0 0 0 0 0 0 0 0 0 0 0 0 0 0 0 0 0 0 0 0 0 0 0 0 0 0 0 0 0 0 0 0 0 0 0 0 0 0 0 0 0 0 0 0 0 0 1 1 0 0 0 0 0 0 0 0 0 0 0 0 0 0 0 0 0 207 0 5 1 0 0 0 0 0 0 0 0 0 0 0 0 0 0 0 0 0 0 0 0 0 0 0 0 0 90 0 0 0 0 0 0 200 0 0 0 0 0 0 0 0 0 0 0 0 0 0 0 29 695 0 0 0 0 0 0 0 0 101 0 10402 0 0 0 0 0 0 1 0 127 0 0 85 0 0 0 0 0 6 0 0 0 0 0 0 0 0 0 0 0 0 0 0 0 0 0 0 0 0 0 14 13 0 0 0 29 29 0 0 0 0 0 0 0 0 0 0 0 0 0 0 1 0 0 0 0 0 0 0 0 0 206 0 0 0 0 0 0 0 0 0 0 0 0 0 0 0 0 0 0 0 0 0 0 0 0 0 0 0 0 0 0 0 881996 0 1043 0 0 0 0 0 0 0 0 0 0 0 0 0 0 0 0 0 0 0 0 0 0 0 0 0 0 0 0 0 0 0 0
ctxt 80697560
btime 1522448525
processes 34974
procs_running 1
procs_blocked 0
softirq 15421272 67276 3334834 9926 141 84098 8547 5538392 3247431 0 3130627
---- top
Tasks: 532 total,   1 running, 492 sleeping,   0 stopped,   0 zombie
Mem:   5806740k total,  5737632k used,    69108k free,     4980k buffers
Swap:  2293756k total,   217532k used,  2076224k free,  2995144k cached
800%cpu   6%user   0%nice  19%sys 774%idle   0%iow   0%irq   0%sirq   0%host
  PID USER         PR  NI VIRT  RES  SHR S[%CPU] %MEM     TIME+ ARGS                       
 3678 shell        20   0  10M 2.2M 1.4M R 22.5   0.0   0:00.06 top -n 1 -b
  541 system       RT   0  17M 2.6M 2.2M S  6.4   0.0   4:36.97 vendor.huawei.hardware.sensors@1.0-service
  589 root         20   0    0    0    0 S  3.2   0.0   0:02.97 [kworker/u16:17]
 2098 u0_a123      20   0 2.2G  46M  37M S  3.2   0.8   2:04.82 com.huawei.livewallpaper.ripplestone
 1205 system       18  -2 2.9G 218M 148M S  3.2   3.8  26:08.18 system_server
  644 mediacodec   20   0  96M 8.6M 6.7M S  3.2   0.1   2:07.04 media.codec hw/android.hardware.media.omx@1.0-service
-------- Thu Apr 5 22:52:36 GMT 2018 --------
---- /proc/schedstat
version 15
timestamp 4300967304
cpu0 3308979 0 22029762 5539398 15687925 5042009 1887045763034 1262869872947 13777761
domain0 0f 1306 1155 78 107262 90 0 1 1154 15 12 0 2026 35 0 0 12 12941 5903 5135 5301648 1903 0 21 5882 0 0 0 0 0 0 0 0 0 17616 5805 0
domain1 ff 389 373 9 4968 8 0 1 176 426 420 6 0 0 0 4 180 10981 10364 464 226087 153 0 19 10345 0 0 0 0 0 0 0 0 0 1550 157 0
cpu1 3864098 0 21591771 5253968 8822010 3205914 1817649016633 1118345844984 12893400
domain0 0f 1045 810 135 116525 120 0 2 808 7 5 1 6606 1 0 0 5 13308 6000 5234 5406363 2074 0 25 5975 0 0 0 0 0 0 0 0 0 10494 2800 0
domain1 ff 259 254 4 912 1 0 0 58 391 391 0 0 0 0 0 0 11177 10547 453 202104 177 0 25 10522 0 0 0 0 0 0 0 0 0 1038 127 0
cpu2 4007153 0 21413829 5140190 7781787 2990183 1717827271023 1217176670590 13057074
domain0 0f 1032 765 161 184803 151 0 0 765 46 36 5 33826 13 0 0 36 10290 4913 3939 4801391 1438 0 8 4905 0 0 0 0 0 0 0 0 0 8559 2101 0
domain1 ff 336 332 3 661 1 0 0 54 420 420 0 0 0 0 0 0 6820 6291 368 205313 161 0 8 6283 0 0 0 0 0 0 0 0 0 1527 154 0
cpu3 3893149 0 20872042 4955179 7753806 3038202 1724887392837 1048651478329 12908813
domain0 0f 1192 622 330 394116 398 0 2 620 4 3 0 230 1 0 0 3 13199 6506 4371 5246815 2322 0 24 6482 0 0 0 0 0 0 0 0 0 6947 1751 0
domain1 ff 213 210 3 369 0 0 0 18 279 279 0 0 0 0 0 0 10850 10394 286 169517 170 0 9 10385 0 0 0 0 0 0 0 0 0 1151 112 0
cpu4 8115712 0 10594899 719391 1821210 512077 1088742056083 131376049326 1682010
domain0 f0 740 726 6 18558 8 0 0 726 56 53 2 2549 1 0 0 53 2929 396 1955 1621484 578 0 4 392 0 0 0 0 0 0 0 0 0 1936 361 0
domain1 ff 184 66 101 349731 107 0 4 58 169 165 3 2097 1 0 0 13 942 301 502 2469492 139 0 18 283 87 0 87 0 0 0 0 0 0 2415 857 0
cpu5 1260935 0 3023579 522342 1153832 332125 558649715035 79016005914 1182891
domain0 f0 739 712 6 22237 21 0 0 712 24 21 2 2588 1 0 0 21 2598 343 1823 1509581 432 0 4 339 0 0 0 0 0 0 0 0 0 1787 344 0
domain1 ff 194 151 27 69461 68 0 1 46 100 100 0 0 0 0 0 0 1592 576 831 2385768 185 0 32 544 50 1 49 0 0 0 0 0 0 1817 595 0
cpu6 839263 0 2399920 472269 898579 291757 393727543602 76171294410 1029777
domain0 f0 741 713 10 21054 18 0 0 713 11 9 2 1683 0 0 0 9 2664 284 1904 1535724 476 0 1 283 0 0 0 0 0 0 0 0 0 1740 338 0
domain1 ff 149 135 10 50224 100 0 1 16 31 31 0 0 0 0 0 0 1659 557 949 2369399 153 0 17 540 95 0 95 0 0 0 0 0 0 2088 692 0
cpu7 1543585 0 3230106 500031 925613 355196 372699881043 120475304991 1116415
domain0 f0 677 662 0 8899 15 0 0 662 15 15 0 0 0 0 0 15 3833 1325 2091 1566736 417 0 4 1321 0 0 0 0 0 0 0 0 0 1872 406 0
domain1 ff 139 133 6 4558 49 0 0 5 21 21 0 0 0 0 0 0 2652 1543 885 2334081 224 0 15 1528 49 0 49 0 0 0 0 0 0 3167 1024 0
---- /proc/meminfo
MemTotal:        5806740 kB
MemFree:           70024 kB
MemAvailable:    3531260 kB
Buffers:            4980 kB
Cached:          2995144 kB
SwapCached:        49516 kB
Active:          2328556 kB
Inactive:        1463884 kB
Active(anon):     669660 kB
Inactive(anon):   130996 kB
Active(file):    1658896 kB
Inactive(file):  1332888 kB
Unevictable:         316 kB
Active(prot_anon):          0 kB
Inactive(prot_anon):        0 kB
Active(prot_file):          0 kB
Inactive(prot_file):        0 kB
Mlocked:             316 kB
SwapTotal:       2293756 kB
SwapFree:        2076224 kB
Dirty:                72 kB
Writeback:             0 kB
AnonPages:        783772 kB
Mapped:           520768 kB
Shmem:              8340 kB
Slab:             194004 kB
SReclaimable:      55216 kB
SUnreclaim:       138788 kB
KernelStack:       42112 kB
PageTables:        59868 kB
NFS_Unstable:          0 kB
Bounce:                0 kB
WritebackTmp:          0 kB
CommitLimit:     5197124 kB
Committed_AS:   107238276 kB
VmallocTotal:   258867136 kB
VmallocUsed:           0 kB
VmallocChunk:          0 kB
CmaTotal:        1376256 kB
CmaFree:               0 kB
Isolate1Free:       5024 kB
Isolate2Free:          0 kB
---- /proc/stat
cpu  32 32 32 32 32 32 32 0 0 0
cpu0 4 4 4 4 4 4 4 0 0 0
cpu1 4 4 4 4 4 4 4 0 0 0
cpu2 4 4 4 4 4 4 4 0 0 0
cpu3 4 4 4 4 4 4 4 0 0 0
cpu4 4 4 4 4 4 4 4 0 0 0
cpu5 4 4 4 4 4 4 4 0 0 0
cpu6 4 4 4 4 4 4 4 0 0 0
cpu7 4 4 4 4 4 4 4 0 0 0
intr 52858145 0 0 0 7903199 0 1817762 0 0 0 2605 0 7729 2576 4342480 7379 961232 163903 0 0 464 0 0 0 0 0 0 0 0 0 0 0 0 0 0 0 0 0 0 0 0 0 0 0 0 0 0 0 0 0 0 0 0 0 0 470065 185 1306651 0 0 0 0 0 0 0 0 523951 26 523274 384812 0 112490 0 0 0 0 276176 0 71488 7928176 0 0 0 25847 0 0 1836 0 0 0 0 0 0 0 0 0 0 0 0 0 40049 0 0 0 0 0 0 0 0 0 0 361255 0 78392 0 0 0 0 0 0 0 67 0 0 0 0 0 188 0 0 29 0 0 0 0 0 0 0 131614 0 0 0 0 0 0 0 0 0 0 0 0 0 0 0 0 0 0 0 0 0 0 0 0 0 0 0 0 0 0 0 0 0 0 0 0 0 0 0 0 0 0 0 0 0 0 0 0 0 0 0 0 0 0 0 0 0 0 0 0 0 0 0 0 0 0 0 0 0 0 0 0 0 0 0 0 0 0 0 0 0 0 0 0 0 0 0 0 0 0 0 0 0 0 0 0 0 0 0 0 0 0 0 0 0 0 0 0 0 0 0 0 0 0 0 0 0 0 0 0 0 0 0 0 0 0 0 0 0 1 1 0 0 0 0 0 0 0 0 0 0 0 0 0 0 0 0 0 207 0 5 1 0 0 0 0 0 0 0 0 0 0 0 0 0 0 0 0 0 0 0 0 0 0 0 0 0 90 0 0 0 0 0 0 200 0 0 0 0 0 0 0 0 0 0 0 0 0 0 0 29 695 0 0 0 0 0 0 0 0 101 0 10402 0 0 0 0 0 0 1 0 127 0 0 85 0 0 0 0 0 6 0 0 0 0 0 0 0 0 0 0 0 0 0 0 0 0 0 0 0 0 0 14 13 0 0 0 29 29 0 0 0 0 0 0 0 0 0 0 0 0 0 0 1 0 0 0 0 0 0 0 0 0 206 0 0 0 0 0 0 0 0 0 0 0 0 0 0 0 0 0 0 0 0 0 0 0 0 0 0 0 0 0 0 0 882076 0 1043 0 0 0 0 0 0 0 0 0 0 0 0 0 0 0 0 0 0 0 0 0 0 0 0 0 0 0 0 0 0 0 0
ctxt 80704293
btime 1522448525
processes 34980
procs_running 3
procs_blocked 0
softirq 15423298 67276 3335216 9926 141 84100 8547 5538904 3247784 0 3131404
---- top
Tasks: 532 total,   2 running, 491 sleeping,   0 stopped,   0 zombie
Mem:   5806740k total,  5737568k used,    69172k free,     4980k buffers
Swap:  2293756k total,   217532k used,  2076224k free,  2995144k cached
800%cpu  13%user   0%nice  17%sys 770%idle   0%iow   0%irq   0%sirq   0%host
  PID USER         PR  NI VIRT  RES  SHR S[%CPU] %MEM     TIME+ ARGS                       
 3684 shell        20   0  10M 2.2M 1.4M R 20.0   0.0   0:00.06 top -n 1 -b
 1205 system       18  -2 2.9G 218M 148M R  6.6   3.8  26:08.57 system_server
 2014 u0_a27       20   0 3.2G 218M 122M S  3.3   3.8   5:52.06 com.android.systemui
  547 system       -2 -20 564M  25M  20M S  3.3   0.4  11:21.52 surfaceflinger
 3666 shell        20   0 8.6M 1.7M 1.2M S  0.0   0.0   0:00.03 sh -c while :; do echo -------- `date -u` --------; echo ---- /proc/schedstat; cat /proc/schedstat; echo ---- /proc/meminfo; cat /proc/meminfo; echo ---- /proc/stat; cat /proc/stat; echo ---- top; top -n 1 -b; sleep 3; done
 3638 shell        20   0  15M 988K 724K S  0.0   0.0   0:00.08 adbd --root_seclabel=u:r:su:s0
